DEBUG - 2025-08-29 02:42:31 --> Session: Class initialized using 'CodeIgniter\Session\Handlers\FileHandler' driver.
DEBUG - 2025-08-29 02:42:38 --> Session: Class initialized using 'CodeIgniter\Session\Handlers\FileHandler' driver.
DEBUG - 2025-08-29 02:42:49 --> Session: Class initialized using 'CodeIgniter\Session\Handlers\FileHandler' driver.
DEBUG - 2025-08-29 02:42:53 --> Session: Class initialized using 'CodeIgniter\Session\Handlers\FileHandler' driver.
DEBUG - 2025-08-29 02:44:13 --> Session: Class initialized using 'CodeIgniter\Session\Handlers\FileHandler' driver.
DEBUG - 2025-08-29 02:45:25 --> Session: Class initialized using 'CodeIgniter\Session\Handlers\FileHandler' driver.
DEBUG - 2025-08-29 02:45:49 --> Session: Class initialized using 'CodeIgniter\Session\Handlers\FileHandler' driver.
DEBUG - 2025-08-29 02:46:15 --> Session: Class initialized using 'CodeIgniter\Session\Handlers\FileHandler' driver.
DEBUG - 2025-08-29 02:46:17 --> Session: Class initialized using 'CodeIgniter\Session\Handlers\FileHandler' driver.
CRITICAL - 2025-08-29 02:46:17 --> CodeIgniter\Exceptions\BadMethodCallException: Call to undefined method App\Models\ExportacionesModel::getWithUserInfo
[Method: GET, Route: admin/backup]
in SYSTEMPATH\Model.php on line 930.
 1 APPPATH\Controllers\admin\BackupAdminController.php(51): CodeIgniter\Model->__call('getWithUserInfo', [])
 2 SYSTEMPATH\CodeIgniter.php(933): App\Controllers\admin\BackupAdminController->index()
 3 SYSTEMPATH\CodeIgniter.php(507): CodeIgniter\CodeIgniter->runController(Object(App\Controllers\admin\BackupAdminController))
 4 SYSTEMPATH\CodeIgniter.php(354): CodeIgniter\CodeIgniter->handleRequest(null, Object(Config\Cache), false)
 5 SYSTEMPATH\Boot.php(334): CodeIgniter\CodeIgniter->run()
 6 SYSTEMPATH\Boot.php(67): CodeIgniter\Boot::runCodeIgniter(Object(CodeIgniter\CodeIgniter))
 7 FCPATH\index.php(59): CodeIgniter\Boot::bootWeb(Object(Config\Paths))
DEBUG - 2025-08-29 02:54:39 --> Session: Class initialized using 'CodeIgniter\Session\Handlers\FileHandler' driver.
ERROR - 2025-08-29 02:54:40 --> mysqli_sql_exception: Table 'itsi.usuarios' doesn't exist in C:\xampp\htdocs\ITSI\vendor\codeigniter4\framework\system\Database\MySQLi\Connection.php:327
Stack trace:
#0 C:\xampp\htdocs\ITSI\vendor\codeigniter4\framework\system\Database\MySQLi\Connection.php(327): mysqli->query('SELECT `TAB_EXP...', 0)
#1 C:\xampp\htdocs\ITSI\vendor\codeigniter4\framework\system\Database\BaseConnection.php(738): CodeIgniter\Database\MySQLi\Connection->execute('SELECT `TAB_EXP...')
#2 C:\xampp\htdocs\ITSI\vendor\codeigniter4\framework\system\Database\BaseConnection.php(652): CodeIgniter\Database\BaseConnection->simpleQuery('SELECT `TAB_EXP...')
#3 C:\xampp\htdocs\ITSI\vendor\codeigniter4\framework\system\Database\BaseBuilder.php(1649): CodeIgniter\Database\BaseConnection->query('SELECT `TAB_EXP...', Array, false)
#4 C:\xampp\htdocs\ITSI\vendor\codeigniter4\framework\system\Model.php(286): CodeIgniter\Database\BaseBuilder->get()
#5 C:\xampp\htdocs\ITSI\vendor\codeigniter4\framework\system\BaseModel.php(679): CodeIgniter\Model->doFindAll(0, 0)
#6 C:\xampp\htdocs\ITSI\app\Models\ExportacionesModel.php(44): CodeIgniter\BaseModel->findAll()
#7 C:\xampp\htdocs\ITSI\app\Controllers\admin\BackupAdminController.php(51): App\Models\ExportacionesModel->getWithUserInfo()
#8 C:\xampp\htdocs\ITSI\vendor\codeigniter4\framework\system\CodeIgniter.php(933): App\Controllers\admin\BackupAdminController->index()
#9 C:\xampp\htdocs\ITSI\vendor\codeigniter4\framework\system\CodeIgniter.php(507): CodeIgniter\CodeIgniter->runController(Object(App\Controllers\admin\BackupAdminController))
#10 C:\xampp\htdocs\ITSI\vendor\codeigniter4\framework\system\CodeIgniter.php(354): CodeIgniter\CodeIgniter->handleRequest(NULL, Object(Config\Cache), false)
#11 C:\xampp\htdocs\ITSI\vendor\codeigniter4\framework\system\Boot.php(334): CodeIgniter\CodeIgniter->run()
#12 C:\xampp\htdocs\ITSI\vendor\codeigniter4\framework\system\Boot.php(67): CodeIgniter\Boot::runCodeIgniter(Object(CodeIgniter\CodeIgniter))
#13 C:\xampp\htdocs\ITSI\public\index.php(59): CodeIgniter\Boot::bootWeb(Object(Config\Paths))
#14 {main}
CRITICAL - 2025-08-29 02:54:40 --> CodeIgniter\Database\Exceptions\DatabaseException: Table 'itsi.usuarios' doesn't exist
[Method: GET, Route: admin/backup]
in SYSTEMPATH\Database\BaseConnection.php on line 692.
 1 SYSTEMPATH\Database\BaseBuilder.php(1649): CodeIgniter\Database\BaseConnection->query('SELECT `TAB_EXPORTACIONES`.*, `usuarios`.`nombre`, `usuarios`.`email`
FROM `TAB_EXPORTACIONES`
JOIN `usuarios` ON `usuarios`.`ID_USUARIO` = `TAB_EXPORTACIONES`.`ID_USUARIO`
ORDER BY `FECHA_EXPORTACION` DESC', [], false)
 2 SYSTEMPATH\Model.php(286): CodeIgniter\Database\BaseBuilder->get()
 3 SYSTEMPATH\BaseModel.php(679): CodeIgniter\Model->doFindAll(0, 0)
 4 APPPATH\Models\ExportacionesModel.php(44): CodeIgniter\BaseModel->findAll()
 5 APPPATH\Controllers\admin\BackupAdminController.php(51): App\Models\ExportacionesModel->getWithUserInfo()
 6 SYSTEMPATH\CodeIgniter.php(933): App\Controllers\admin\BackupAdminController->index()
 7 SYSTEMPATH\CodeIgniter.php(507): CodeIgniter\CodeIgniter->runController(Object(App\Controllers\admin\BackupAdminController))
 8 SYSTEMPATH\CodeIgniter.php(354): CodeIgniter\CodeIgniter->handleRequest(null, Object(Config\Cache), false)
 9 SYSTEMPATH\Boot.php(334): CodeIgniter\CodeIgniter->run()
10 SYSTEMPATH\Boot.php(67): CodeIgniter\Boot::runCodeIgniter(Object(CodeIgniter\CodeIgniter))
11 FCPATH\index.php(59): CodeIgniter\Boot::bootWeb(Object(Config\Paths))
CRITICAL - 2025-08-29 02:54:40 --> [Caused by] CodeIgniter\Database\Exceptions\DatabaseException: Table 'itsi.usuarios' doesn't exist
in SYSTEMPATH\Database\MySQLi\Connection.php on line 332.
 1 SYSTEMPATH\Database\BaseConnection.php(738): CodeIgniter\Database\MySQLi\Connection->execute('SELECT `TAB_EXPORTACIONES`.*, `usuarios`.`nombre`, `usuarios`.`email`
FROM `TAB_EXPORTACIONES`
JOIN `usuarios` ON `usuarios`.`ID_USUARIO` = `TAB_EXPORTACIONES`.`ID_USUARIO`
ORDER BY `FECHA_EXPORTACION` DESC')
 2 SYSTEMPATH\Database\BaseConnection.php(652): CodeIgniter\Database\BaseConnection->simpleQuery('SELECT `TAB_EXPORTACIONES`.*, `usuarios`.`nombre`, `usuarios`.`email`
FROM `TAB_EXPORTACIONES`
JOIN `usuarios` ON `usuarios`.`ID_USUARIO` = `TAB_EXPORTACIONES`.`ID_USUARIO`
ORDER BY `FECHA_EXPORTACION` DESC')
 3 SYSTEMPATH\Database\BaseBuilder.php(1649): CodeIgniter\Database\BaseConnection->query('SELECT `TAB_EXPORTACIONES`.*, `usuarios`.`nombre`, `usuarios`.`email`
FROM `TAB_EXPORTACIONES`
JOIN `usuarios` ON `usuarios`.`ID_USUARIO` = `TAB_EXPORTACIONES`.`ID_USUARIO`
ORDER BY `FECHA_EXPORTACION` DESC', [], false)
 4 SYSTEMPATH\Model.php(286): CodeIgniter\Database\BaseBuilder->get()
 5 SYSTEMPATH\BaseModel.php(679): CodeIgniter\Model->doFindAll(0, 0)
 6 APPPATH\Models\ExportacionesModel.php(44): CodeIgniter\BaseModel->findAll()
 7 APPPATH\Controllers\admin\BackupAdminController.php(51): App\Models\ExportacionesModel->getWithUserInfo()
 8 SYSTEMPATH\CodeIgniter.php(933): App\Controllers\admin\BackupAdminController->index()
 9 SYSTEMPATH\CodeIgniter.php(507): CodeIgniter\CodeIgniter->runController(Object(App\Controllers\admin\BackupAdminController))
10 SYSTEMPATH\CodeIgniter.php(354): CodeIgniter\CodeIgniter->handleRequest(null, Object(Config\Cache), false)
11 SYSTEMPATH\Boot.php(334): CodeIgniter\CodeIgniter->run()
12 SYSTEMPATH\Boot.php(67): CodeIgniter\Boot::runCodeIgniter(Object(CodeIgniter\CodeIgniter))
13 FCPATH\index.php(59): CodeIgniter\Boot::bootWeb(Object(Config\Paths))
CRITICAL - 2025-08-29 02:54:40 --> [Caused by] mysqli_sql_exception: Table 'itsi.usuarios' doesn't exist
in SYSTEMPATH\Database\MySQLi\Connection.php on line 327.
 1 SYSTEMPATH\Database\MySQLi\Connection.php(327): mysqli->query('SELECT `TAB_EXPORTACIONES`.*, `usuarios`.`nombre`, `usuarios`.`email`
FROM `TAB_EXPORTACIONES`
JOIN `usuarios` ON `usuarios`.`ID_USUARIO` = `TAB_EXPORTACIONES`.`ID_USUARIO`
ORDER BY `FECHA_EXPORTACION` DESC', 0)
 2 SYSTEMPATH\Database\BaseConnection.php(738): CodeIgniter\Database\MySQLi\Connection->execute('SELECT `TAB_EXPORTACIONES`.*, `usuarios`.`nombre`, `usuarios`.`email`
FROM `TAB_EXPORTACIONES`
JOIN `usuarios` ON `usuarios`.`ID_USUARIO` = `TAB_EXPORTACIONES`.`ID_USUARIO`
ORDER BY `FECHA_EXPORTACION` DESC')
 3 SYSTEMPATH\Database\BaseConnection.php(652): CodeIgniter\Database\BaseConnection->simpleQuery('SELECT `TAB_EXPORTACIONES`.*, `usuarios`.`nombre`, `usuarios`.`email`
FROM `TAB_EXPORTACIONES`
JOIN `usuarios` ON `usuarios`.`ID_USUARIO` = `TAB_EXPORTACIONES`.`ID_USUARIO`
ORDER BY `FECHA_EXPORTACION` DESC')
 4 SYSTEMPATH\Database\BaseBuilder.php(1649): CodeIgniter\Database\BaseConnection->query('SELECT `TAB_EXPORTACIONES`.*, `usuarios`.`nombre`, `usuarios`.`email`
FROM `TAB_EXPORTACIONES`
JOIN `usuarios` ON `usuarios`.`ID_USUARIO` = `TAB_EXPORTACIONES`.`ID_USUARIO`
ORDER BY `FECHA_EXPORTACION` DESC', [], false)
 5 SYSTEMPATH\Model.php(286): CodeIgniter\Database\BaseBuilder->get()
 6 SYSTEMPATH\BaseModel.php(679): CodeIgniter\Model->doFindAll(0, 0)
 7 APPPATH\Models\ExportacionesModel.php(44): CodeIgniter\BaseModel->findAll()
 8 APPPATH\Controllers\admin\BackupAdminController.php(51): App\Models\ExportacionesModel->getWithUserInfo()
 9 SYSTEMPATH\CodeIgniter.php(933): App\Controllers\admin\BackupAdminController->index()
10 SYSTEMPATH\CodeIgniter.php(507): CodeIgniter\CodeIgniter->runController(Object(App\Controllers\admin\BackupAdminController))
11 SYSTEMPATH\CodeIgniter.php(354): CodeIgniter\CodeIgniter->handleRequest(null, Object(Config\Cache), false)
12 SYSTEMPATH\Boot.php(334): CodeIgniter\CodeIgniter->run()
13 SYSTEMPATH\Boot.php(67): CodeIgniter\Boot::runCodeIgniter(Object(CodeIgniter\CodeIgniter))
14 FCPATH\index.php(59): CodeIgniter\Boot::bootWeb(Object(Config\Paths))
DEBUG - 2025-08-29 02:58:24 --> Session: Class initialized using 'CodeIgniter\Session\Handlers\FileHandler' driver.
ERROR - 2025-08-29 02:58:24 --> mysqli_sql_exception: Table 'itsi.usuarios' doesn't exist in C:\xampp\htdocs\ITSI\vendor\codeigniter4\framework\system\Database\MySQLi\Connection.php:327
Stack trace:
#0 C:\xampp\htdocs\ITSI\vendor\codeigniter4\framework\system\Database\MySQLi\Connection.php(327): mysqli->query('SELECT `TAB_EXP...', 0)
#1 C:\xampp\htdocs\ITSI\vendor\codeigniter4\framework\system\Database\BaseConnection.php(738): CodeIgniter\Database\MySQLi\Connection->execute('SELECT `TAB_EXP...')
#2 C:\xampp\htdocs\ITSI\vendor\codeigniter4\framework\system\Database\BaseConnection.php(652): CodeIgniter\Database\BaseConnection->simpleQuery('SELECT `TAB_EXP...')
#3 C:\xampp\htdocs\ITSI\vendor\codeigniter4\framework\system\Database\BaseBuilder.php(1649): CodeIgniter\Database\BaseConnection->query('SELECT `TAB_EXP...', Array, false)
#4 C:\xampp\htdocs\ITSI\vendor\codeigniter4\framework\system\Model.php(286): CodeIgniter\Database\BaseBuilder->get()
#5 C:\xampp\htdocs\ITSI\vendor\codeigniter4\framework\system\BaseModel.php(679): CodeIgniter\Model->doFindAll(0, 0)
#6 C:\xampp\htdocs\ITSI\app\Models\ExportacionesModel.php(44): CodeIgniter\BaseModel->findAll()
#7 C:\xampp\htdocs\ITSI\app\Controllers\admin\BackupAdminController.php(51): App\Models\ExportacionesModel->getWithUserInfo()
#8 C:\xampp\htdocs\ITSI\vendor\codeigniter4\framework\system\CodeIgniter.php(933): App\Controllers\admin\BackupAdminController->index()
#9 C:\xampp\htdocs\ITSI\vendor\codeigniter4\framework\system\CodeIgniter.php(507): CodeIgniter\CodeIgniter->runController(Object(App\Controllers\admin\BackupAdminController))
#10 C:\xampp\htdocs\ITSI\vendor\codeigniter4\framework\system\CodeIgniter.php(354): CodeIgniter\CodeIgniter->handleRequest(NULL, Object(Config\Cache), false)
#11 C:\xampp\htdocs\ITSI\vendor\codeigniter4\framework\system\Boot.php(334): CodeIgniter\CodeIgniter->run()
#12 C:\xampp\htdocs\ITSI\vendor\codeigniter4\framework\system\Boot.php(67): CodeIgniter\Boot::runCodeIgniter(Object(CodeIgniter\CodeIgniter))
#13 C:\xampp\htdocs\ITSI\public\index.php(59): CodeIgniter\Boot::bootWeb(Object(Config\Paths))
#14 {main}
CRITICAL - 2025-08-29 02:58:24 --> CodeIgniter\Database\Exceptions\DatabaseException: Table 'itsi.usuarios' doesn't exist
[Method: GET, Route: admin/backup]
in SYSTEMPATH\Database\BaseConnection.php on line 692.
 1 SYSTEMPATH\Database\BaseBuilder.php(1649): CodeIgniter\Database\BaseConnection->query('SELECT `TAB_EXPORTACIONES`.*, `usuarios`.`nombre`, `usuarios`.`email`
FROM `TAB_EXPORTACIONES`
JOIN `usuarios` ON `usuarios`.`ID_USUARIO` = `TAB_EXPORTACIONES`.`ID_USUARIO`
ORDER BY `FECHA_EXPORTACION` DESC', [], false)
 2 SYSTEMPATH\Model.php(286): CodeIgniter\Database\BaseBuilder->get()
 3 SYSTEMPATH\BaseModel.php(679): CodeIgniter\Model->doFindAll(0, 0)
 4 APPPATH\Models\ExportacionesModel.php(44): CodeIgniter\BaseModel->findAll()
 5 APPPATH\Controllers\admin\BackupAdminController.php(51): App\Models\ExportacionesModel->getWithUserInfo()
 6 SYSTEMPATH\CodeIgniter.php(933): App\Controllers\admin\BackupAdminController->index()
 7 SYSTEMPATH\CodeIgniter.php(507): CodeIgniter\CodeIgniter->runController(Object(App\Controllers\admin\BackupAdminController))
 8 SYSTEMPATH\CodeIgniter.php(354): CodeIgniter\CodeIgniter->handleRequest(null, Object(Config\Cache), false)
 9 SYSTEMPATH\Boot.php(334): CodeIgniter\CodeIgniter->run()
10 SYSTEMPATH\Boot.php(67): CodeIgniter\Boot::runCodeIgniter(Object(CodeIgniter\CodeIgniter))
11 FCPATH\index.php(59): CodeIgniter\Boot::bootWeb(Object(Config\Paths))
CRITICAL - 2025-08-29 02:58:24 --> [Caused by] CodeIgniter\Database\Exceptions\DatabaseException: Table 'itsi.usuarios' doesn't exist
in SYSTEMPATH\Database\MySQLi\Connection.php on line 332.
 1 SYSTEMPATH\Database\BaseConnection.php(738): CodeIgniter\Database\MySQLi\Connection->execute('SELECT `TAB_EXPORTACIONES`.*, `usuarios`.`nombre`, `usuarios`.`email`
FROM `TAB_EXPORTACIONES`
JOIN `usuarios` ON `usuarios`.`ID_USUARIO` = `TAB_EXPORTACIONES`.`ID_USUARIO`
ORDER BY `FECHA_EXPORTACION` DESC')
 2 SYSTEMPATH\Database\BaseConnection.php(652): CodeIgniter\Database\BaseConnection->simpleQuery('SELECT `TAB_EXPORTACIONES`.*, `usuarios`.`nombre`, `usuarios`.`email`
FROM `TAB_EXPORTACIONES`
JOIN `usuarios` ON `usuarios`.`ID_USUARIO` = `TAB_EXPORTACIONES`.`ID_USUARIO`
ORDER BY `FECHA_EXPORTACION` DESC')
 3 SYSTEMPATH\Database\BaseBuilder.php(1649): CodeIgniter\Database\BaseConnection->query('SELECT `TAB_EXPORTACIONES`.*, `usuarios`.`nombre`, `usuarios`.`email`
FROM `TAB_EXPORTACIONES`
JOIN `usuarios` ON `usuarios`.`ID_USUARIO` = `TAB_EXPORTACIONES`.`ID_USUARIO`
ORDER BY `FECHA_EXPORTACION` DESC', [], false)
 4 SYSTEMPATH\Model.php(286): CodeIgniter\Database\BaseBuilder->get()
 5 SYSTEMPATH\BaseModel.php(679): CodeIgniter\Model->doFindAll(0, 0)
 6 APPPATH\Models\ExportacionesModel.php(44): CodeIgniter\BaseModel->findAll()
 7 APPPATH\Controllers\admin\BackupAdminController.php(51): App\Models\ExportacionesModel->getWithUserInfo()
 8 SYSTEMPATH\CodeIgniter.php(933): App\Controllers\admin\BackupAdminController->index()
 9 SYSTEMPATH\CodeIgniter.php(507): CodeIgniter\CodeIgniter->runController(Object(App\Controllers\admin\BackupAdminController))
10 SYSTEMPATH\CodeIgniter.php(354): CodeIgniter\CodeIgniter->handleRequest(null, Object(Config\Cache), false)
11 SYSTEMPATH\Boot.php(334): CodeIgniter\CodeIgniter->run()
12 SYSTEMPATH\Boot.php(67): CodeIgniter\Boot::runCodeIgniter(Object(CodeIgniter\CodeIgniter))
13 FCPATH\index.php(59): CodeIgniter\Boot::bootWeb(Object(Config\Paths))
CRITICAL - 2025-08-29 02:58:24 --> [Caused by] mysqli_sql_exception: Table 'itsi.usuarios' doesn't exist
in SYSTEMPATH\Database\MySQLi\Connection.php on line 327.
 1 SYSTEMPATH\Database\MySQLi\Connection.php(327): mysqli->query('SELECT `TAB_EXPORTACIONES`.*, `usuarios`.`nombre`, `usuarios`.`email`
FROM `TAB_EXPORTACIONES`
JOIN `usuarios` ON `usuarios`.`ID_USUARIO` = `TAB_EXPORTACIONES`.`ID_USUARIO`
ORDER BY `FECHA_EXPORTACION` DESC', 0)
 2 SYSTEMPATH\Database\BaseConnection.php(738): CodeIgniter\Database\MySQLi\Connection->execute('SELECT `TAB_EXPORTACIONES`.*, `usuarios`.`nombre`, `usuarios`.`email`
FROM `TAB_EXPORTACIONES`
JOIN `usuarios` ON `usuarios`.`ID_USUARIO` = `TAB_EXPORTACIONES`.`ID_USUARIO`
ORDER BY `FECHA_EXPORTACION` DESC')
 3 SYSTEMPATH\Database\BaseConnection.php(652): CodeIgniter\Database\BaseConnection->simpleQuery('SELECT `TAB_EXPORTACIONES`.*, `usuarios`.`nombre`, `usuarios`.`email`
FROM `TAB_EXPORTACIONES`
JOIN `usuarios` ON `usuarios`.`ID_USUARIO` = `TAB_EXPORTACIONES`.`ID_USUARIO`
ORDER BY `FECHA_EXPORTACION` DESC')
 4 SYSTEMPATH\Database\BaseBuilder.php(1649): CodeIgniter\Database\BaseConnection->query('SELECT `TAB_EXPORTACIONES`.*, `usuarios`.`nombre`, `usuarios`.`email`
FROM `TAB_EXPORTACIONES`
JOIN `usuarios` ON `usuarios`.`ID_USUARIO` = `TAB_EXPORTACIONES`.`ID_USUARIO`
ORDER BY `FECHA_EXPORTACION` DESC', [], false)
 5 SYSTEMPATH\Model.php(286): CodeIgniter\Database\BaseBuilder->get()
 6 SYSTEMPATH\BaseModel.php(679): CodeIgniter\Model->doFindAll(0, 0)
 7 APPPATH\Models\ExportacionesModel.php(44): CodeIgniter\BaseModel->findAll()
 8 APPPATH\Controllers\admin\BackupAdminController.php(51): App\Models\ExportacionesModel->getWithUserInfo()
 9 SYSTEMPATH\CodeIgniter.php(933): App\Controllers\admin\BackupAdminController->index()
10 SYSTEMPATH\CodeIgniter.php(507): CodeIgniter\CodeIgniter->runController(Object(App\Controllers\admin\BackupAdminController))
11 SYSTEMPATH\CodeIgniter.php(354): CodeIgniter\CodeIgniter->handleRequest(null, Object(Config\Cache), false)
12 SYSTEMPATH\Boot.php(334): CodeIgniter\CodeIgniter->run()
13 SYSTEMPATH\Boot.php(67): CodeIgniter\Boot::runCodeIgniter(Object(CodeIgniter\CodeIgniter))
14 FCPATH\index.php(59): CodeIgniter\Boot::bootWeb(Object(Config\Paths))
DEBUG - 2025-08-29 02:58:35 --> Session: Class initialized using 'CodeIgniter\Session\Handlers\FileHandler' driver.
ERROR - 2025-08-29 02:58:35 --> mysqli_sql_exception: Table 'itsi.usuarios' doesn't exist in C:\xampp\htdocs\ITSI\vendor\codeigniter4\framework\system\Database\MySQLi\Connection.php:327
Stack trace:
#0 C:\xampp\htdocs\ITSI\vendor\codeigniter4\framework\system\Database\MySQLi\Connection.php(327): mysqli->query('SELECT `TAB_EXP...', 0)
#1 C:\xampp\htdocs\ITSI\vendor\codeigniter4\framework\system\Database\BaseConnection.php(738): CodeIgniter\Database\MySQLi\Connection->execute('SELECT `TAB_EXP...')
#2 C:\xampp\htdocs\ITSI\vendor\codeigniter4\framework\system\Database\BaseConnection.php(652): CodeIgniter\Database\BaseConnection->simpleQuery('SELECT `TAB_EXP...')
#3 C:\xampp\htdocs\ITSI\vendor\codeigniter4\framework\system\Database\BaseBuilder.php(1649): CodeIgniter\Database\BaseConnection->query('SELECT `TAB_EXP...', Array, false)
#4 C:\xampp\htdocs\ITSI\vendor\codeigniter4\framework\system\Model.php(286): CodeIgniter\Database\BaseBuilder->get()
#5 C:\xampp\htdocs\ITSI\vendor\codeigniter4\framework\system\BaseModel.php(679): CodeIgniter\Model->doFindAll(0, 0)
#6 C:\xampp\htdocs\ITSI\app\Models\ExportacionesModel.php(44): CodeIgniter\BaseModel->findAll()
#7 C:\xampp\htdocs\ITSI\app\Controllers\admin\BackupAdminController.php(51): App\Models\ExportacionesModel->getWithUserInfo()
#8 C:\xampp\htdocs\ITSI\vendor\codeigniter4\framework\system\CodeIgniter.php(933): App\Controllers\admin\BackupAdminController->index()
#9 C:\xampp\htdocs\ITSI\vendor\codeigniter4\framework\system\CodeIgniter.php(507): CodeIgniter\CodeIgniter->runController(Object(App\Controllers\admin\BackupAdminController))
#10 C:\xampp\htdocs\ITSI\vendor\codeigniter4\framework\system\CodeIgniter.php(354): CodeIgniter\CodeIgniter->handleRequest(NULL, Object(Config\Cache), false)
#11 C:\xampp\htdocs\ITSI\vendor\codeigniter4\framework\system\Boot.php(334): CodeIgniter\CodeIgniter->run()
#12 C:\xampp\htdocs\ITSI\vendor\codeigniter4\framework\system\Boot.php(67): CodeIgniter\Boot::runCodeIgniter(Object(CodeIgniter\CodeIgniter))
#13 C:\xampp\htdocs\ITSI\public\index.php(59): CodeIgniter\Boot::bootWeb(Object(Config\Paths))
#14 {main}
CRITICAL - 2025-08-29 02:58:35 --> CodeIgniter\Database\Exceptions\DatabaseException: Table 'itsi.usuarios' doesn't exist
[Method: GET, Route: admin/backup]
in SYSTEMPATH\Database\BaseConnection.php on line 692.
 1 SYSTEMPATH\Database\BaseBuilder.php(1649): CodeIgniter\Database\BaseConnection->query('SELECT `TAB_EXPORTACIONES`.*, `usuarios`.`nombre`, `usuarios`.`email`
FROM `TAB_EXPORTACIONES`
JOIN `usuarios` ON `usuarios`.`ID_USUARIO` = `TAB_EXPORTACIONES`.`ID_USUARIO`
ORDER BY `FECHA_EXPORTACION` DESC', [], false)
 2 SYSTEMPATH\Model.php(286): CodeIgniter\Database\BaseBuilder->get()
 3 SYSTEMPATH\BaseModel.php(679): CodeIgniter\Model->doFindAll(0, 0)
 4 APPPATH\Models\ExportacionesModel.php(44): CodeIgniter\BaseModel->findAll()
 5 APPPATH\Controllers\admin\BackupAdminController.php(51): App\Models\ExportacionesModel->getWithUserInfo()
 6 SYSTEMPATH\CodeIgniter.php(933): App\Controllers\admin\BackupAdminController->index()
 7 SYSTEMPATH\CodeIgniter.php(507): CodeIgniter\CodeIgniter->runController(Object(App\Controllers\admin\BackupAdminController))
 8 SYSTEMPATH\CodeIgniter.php(354): CodeIgniter\CodeIgniter->handleRequest(null, Object(Config\Cache), false)
 9 SYSTEMPATH\Boot.php(334): CodeIgniter\CodeIgniter->run()
10 SYSTEMPATH\Boot.php(67): CodeIgniter\Boot::runCodeIgniter(Object(CodeIgniter\CodeIgniter))
11 FCPATH\index.php(59): CodeIgniter\Boot::bootWeb(Object(Config\Paths))
CRITICAL - 2025-08-29 02:58:35 --> [Caused by] CodeIgniter\Database\Exceptions\DatabaseException: Table 'itsi.usuarios' doesn't exist
in SYSTEMPATH\Database\MySQLi\Connection.php on line 332.
 1 SYSTEMPATH\Database\BaseConnection.php(738): CodeIgniter\Database\MySQLi\Connection->execute('SELECT `TAB_EXPORTACIONES`.*, `usuarios`.`nombre`, `usuarios`.`email`
FROM `TAB_EXPORTACIONES`
JOIN `usuarios` ON `usuarios`.`ID_USUARIO` = `TAB_EXPORTACIONES`.`ID_USUARIO`
ORDER BY `FECHA_EXPORTACION` DESC')
 2 SYSTEMPATH\Database\BaseConnection.php(652): CodeIgniter\Database\BaseConnection->simpleQuery('SELECT `TAB_EXPORTACIONES`.*, `usuarios`.`nombre`, `usuarios`.`email`
FROM `TAB_EXPORTACIONES`
JOIN `usuarios` ON `usuarios`.`ID_USUARIO` = `TAB_EXPORTACIONES`.`ID_USUARIO`
ORDER BY `FECHA_EXPORTACION` DESC')
 3 SYSTEMPATH\Database\BaseBuilder.php(1649): CodeIgniter\Database\BaseConnection->query('SELECT `TAB_EXPORTACIONES`.*, `usuarios`.`nombre`, `usuarios`.`email`
FROM `TAB_EXPORTACIONES`
JOIN `usuarios` ON `usuarios`.`ID_USUARIO` = `TAB_EXPORTACIONES`.`ID_USUARIO`
ORDER BY `FECHA_EXPORTACION` DESC', [], false)
 4 SYSTEMPATH\Model.php(286): CodeIgniter\Database\BaseBuilder->get()
 5 SYSTEMPATH\BaseModel.php(679): CodeIgniter\Model->doFindAll(0, 0)
 6 APPPATH\Models\ExportacionesModel.php(44): CodeIgniter\BaseModel->findAll()
 7 APPPATH\Controllers\admin\BackupAdminController.php(51): App\Models\ExportacionesModel->getWithUserInfo()
 8 SYSTEMPATH\CodeIgniter.php(933): App\Controllers\admin\BackupAdminController->index()
 9 SYSTEMPATH\CodeIgniter.php(507): CodeIgniter\CodeIgniter->runController(Object(App\Controllers\admin\BackupAdminController))
10 SYSTEMPATH\CodeIgniter.php(354): CodeIgniter\CodeIgniter->handleRequest(null, Object(Config\Cache), false)
11 SYSTEMPATH\Boot.php(334): CodeIgniter\CodeIgniter->run()
12 SYSTEMPATH\Boot.php(67): CodeIgniter\Boot::runCodeIgniter(Object(CodeIgniter\CodeIgniter))
13 FCPATH\index.php(59): CodeIgniter\Boot::bootWeb(Object(Config\Paths))
CRITICAL - 2025-08-29 02:58:35 --> [Caused by] mysqli_sql_exception: Table 'itsi.usuarios' doesn't exist
in SYSTEMPATH\Database\MySQLi\Connection.php on line 327.
 1 SYSTEMPATH\Database\MySQLi\Connection.php(327): mysqli->query('SELECT `TAB_EXPORTACIONES`.*, `usuarios`.`nombre`, `usuarios`.`email`
FROM `TAB_EXPORTACIONES`
JOIN `usuarios` ON `usuarios`.`ID_USUARIO` = `TAB_EXPORTACIONES`.`ID_USUARIO`
ORDER BY `FECHA_EXPORTACION` DESC', 0)
 2 SYSTEMPATH\Database\BaseConnection.php(738): CodeIgniter\Database\MySQLi\Connection->execute('SELECT `TAB_EXPORTACIONES`.*, `usuarios`.`nombre`, `usuarios`.`email`
FROM `TAB_EXPORTACIONES`
JOIN `usuarios` ON `usuarios`.`ID_USUARIO` = `TAB_EXPORTACIONES`.`ID_USUARIO`
ORDER BY `FECHA_EXPORTACION` DESC')
 3 SYSTEMPATH\Database\BaseConnection.php(652): CodeIgniter\Database\BaseConnection->simpleQuery('SELECT `TAB_EXPORTACIONES`.*, `usuarios`.`nombre`, `usuarios`.`email`
FROM `TAB_EXPORTACIONES`
JOIN `usuarios` ON `usuarios`.`ID_USUARIO` = `TAB_EXPORTACIONES`.`ID_USUARIO`
ORDER BY `FECHA_EXPORTACION` DESC')
 4 SYSTEMPATH\Database\BaseBuilder.php(1649): CodeIgniter\Database\BaseConnection->query('SELECT `TAB_EXPORTACIONES`.*, `usuarios`.`nombre`, `usuarios`.`email`
FROM `TAB_EXPORTACIONES`
JOIN `usuarios` ON `usuarios`.`ID_USUARIO` = `TAB_EXPORTACIONES`.`ID_USUARIO`
ORDER BY `FECHA_EXPORTACION` DESC', [], false)
 5 SYSTEMPATH\Model.php(286): CodeIgniter\Database\BaseBuilder->get()
 6 SYSTEMPATH\BaseModel.php(679): CodeIgniter\Model->doFindAll(0, 0)
 7 APPPATH\Models\ExportacionesModel.php(44): CodeIgniter\BaseModel->findAll()
 8 APPPATH\Controllers\admin\BackupAdminController.php(51): App\Models\ExportacionesModel->getWithUserInfo()
 9 SYSTEMPATH\CodeIgniter.php(933): App\Controllers\admin\BackupAdminController->index()
10 SYSTEMPATH\CodeIgniter.php(507): CodeIgniter\CodeIgniter->runController(Object(App\Controllers\admin\BackupAdminController))
11 SYSTEMPATH\CodeIgniter.php(354): CodeIgniter\CodeIgniter->handleRequest(null, Object(Config\Cache), false)
12 SYSTEMPATH\Boot.php(334): CodeIgniter\CodeIgniter->run()
13 SYSTEMPATH\Boot.php(67): CodeIgniter\Boot::runCodeIgniter(Object(CodeIgniter\CodeIgniter))
14 FCPATH\index.php(59): CodeIgniter\Boot::bootWeb(Object(Config\Paths))
DEBUG - 2025-08-29 02:58:40 --> Session: Class initialized using 'CodeIgniter\Session\Handlers\FileHandler' driver.
DEBUG - 2025-08-29 02:58:46 --> Session: Class initialized using 'CodeIgniter\Session\Handlers\FileHandler' driver.
DEBUG - 2025-08-29 02:58:49 --> Session: Class initialized using 'CodeIgniter\Session\Handlers\FileHandler' driver.
ERROR - 2025-08-29 02:58:49 --> mysqli_sql_exception: Table 'itsi.usuarios' doesn't exist in C:\xampp\htdocs\ITSI\vendor\codeigniter4\framework\system\Database\MySQLi\Connection.php:327
Stack trace:
#0 C:\xampp\htdocs\ITSI\vendor\codeigniter4\framework\system\Database\MySQLi\Connection.php(327): mysqli->query('SELECT `TAB_EXP...', 0)
#1 C:\xampp\htdocs\ITSI\vendor\codeigniter4\framework\system\Database\BaseConnection.php(738): CodeIgniter\Database\MySQLi\Connection->execute('SELECT `TAB_EXP...')
#2 C:\xampp\htdocs\ITSI\vendor\codeigniter4\framework\system\Database\BaseConnection.php(652): CodeIgniter\Database\BaseConnection->simpleQuery('SELECT `TAB_EXP...')
#3 C:\xampp\htdocs\ITSI\vendor\codeigniter4\framework\system\Database\BaseBuilder.php(1649): CodeIgniter\Database\BaseConnection->query('SELECT `TAB_EXP...', Array, false)
#4 C:\xampp\htdocs\ITSI\vendor\codeigniter4\framework\system\Model.php(286): CodeIgniter\Database\BaseBuilder->get()
#5 C:\xampp\htdocs\ITSI\vendor\codeigniter4\framework\system\BaseModel.php(679): CodeIgniter\Model->doFindAll(0, 0)
#6 C:\xampp\htdocs\ITSI\app\Models\ExportacionesModel.php(44): CodeIgniter\BaseModel->findAll()
#7 C:\xampp\htdocs\ITSI\app\Controllers\admin\BackupAdminController.php(51): App\Models\ExportacionesModel->getWithUserInfo()
#8 C:\xampp\htdocs\ITSI\vendor\codeigniter4\framework\system\CodeIgniter.php(933): App\Controllers\admin\BackupAdminController->index()
#9 C:\xampp\htdocs\ITSI\vendor\codeigniter4\framework\system\CodeIgniter.php(507): CodeIgniter\CodeIgniter->runController(Object(App\Controllers\admin\BackupAdminController))
#10 C:\xampp\htdocs\ITSI\vendor\codeigniter4\framework\system\CodeIgniter.php(354): CodeIgniter\CodeIgniter->handleRequest(NULL, Object(Config\Cache), false)
#11 C:\xampp\htdocs\ITSI\vendor\codeigniter4\framework\system\Boot.php(334): CodeIgniter\CodeIgniter->run()
#12 C:\xampp\htdocs\ITSI\vendor\codeigniter4\framework\system\Boot.php(67): CodeIgniter\Boot::runCodeIgniter(Object(CodeIgniter\CodeIgniter))
#13 C:\xampp\htdocs\ITSI\public\index.php(59): CodeIgniter\Boot::bootWeb(Object(Config\Paths))
#14 {main}
CRITICAL - 2025-08-29 02:58:49 --> CodeIgniter\Database\Exceptions\DatabaseException: Table 'itsi.usuarios' doesn't exist
[Method: GET, Route: admin/backup]
in SYSTEMPATH\Database\BaseConnection.php on line 692.
 1 SYSTEMPATH\Database\BaseBuilder.php(1649): CodeIgniter\Database\BaseConnection->query('SELECT `TAB_EXPORTACIONES`.*, `usuarios`.`nombre`, `usuarios`.`email`
FROM `TAB_EXPORTACIONES`
JOIN `usuarios` ON `usuarios`.`ID_USUARIO` = `TAB_EXPORTACIONES`.`ID_USUARIO`
ORDER BY `FECHA_EXPORTACION` DESC', [], false)
 2 SYSTEMPATH\Model.php(286): CodeIgniter\Database\BaseBuilder->get()
 3 SYSTEMPATH\BaseModel.php(679): CodeIgniter\Model->doFindAll(0, 0)
 4 APPPATH\Models\ExportacionesModel.php(44): CodeIgniter\BaseModel->findAll()
 5 APPPATH\Controllers\admin\BackupAdminController.php(51): App\Models\ExportacionesModel->getWithUserInfo()
 6 SYSTEMPATH\CodeIgniter.php(933): App\Controllers\admin\BackupAdminController->index()
 7 SYSTEMPATH\CodeIgniter.php(507): CodeIgniter\CodeIgniter->runController(Object(App\Controllers\admin\BackupAdminController))
 8 SYSTEMPATH\CodeIgniter.php(354): CodeIgniter\CodeIgniter->handleRequest(null, Object(Config\Cache), false)
 9 SYSTEMPATH\Boot.php(334): CodeIgniter\CodeIgniter->run()
10 SYSTEMPATH\Boot.php(67): CodeIgniter\Boot::runCodeIgniter(Object(CodeIgniter\CodeIgniter))
11 FCPATH\index.php(59): CodeIgniter\Boot::bootWeb(Object(Config\Paths))
CRITICAL - 2025-08-29 02:58:49 --> [Caused by] CodeIgniter\Database\Exceptions\DatabaseException: Table 'itsi.usuarios' doesn't exist
in SYSTEMPATH\Database\MySQLi\Connection.php on line 332.
 1 SYSTEMPATH\Database\BaseConnection.php(738): CodeIgniter\Database\MySQLi\Connection->execute('SELECT `TAB_EXPORTACIONES`.*, `usuarios`.`nombre`, `usuarios`.`email`
FROM `TAB_EXPORTACIONES`
JOIN `usuarios` ON `usuarios`.`ID_USUARIO` = `TAB_EXPORTACIONES`.`ID_USUARIO`
ORDER BY `FECHA_EXPORTACION` DESC')
 2 SYSTEMPATH\Database\BaseConnection.php(652): CodeIgniter\Database\BaseConnection->simpleQuery('SELECT `TAB_EXPORTACIONES`.*, `usuarios`.`nombre`, `usuarios`.`email`
FROM `TAB_EXPORTACIONES`
JOIN `usuarios` ON `usuarios`.`ID_USUARIO` = `TAB_EXPORTACIONES`.`ID_USUARIO`
ORDER BY `FECHA_EXPORTACION` DESC')
 3 SYSTEMPATH\Database\BaseBuilder.php(1649): CodeIgniter\Database\BaseConnection->query('SELECT `TAB_EXPORTACIONES`.*, `usuarios`.`nombre`, `usuarios`.`email`
FROM `TAB_EXPORTACIONES`
JOIN `usuarios` ON `usuarios`.`ID_USUARIO` = `TAB_EXPORTACIONES`.`ID_USUARIO`
ORDER BY `FECHA_EXPORTACION` DESC', [], false)
 4 SYSTEMPATH\Model.php(286): CodeIgniter\Database\BaseBuilder->get()
 5 SYSTEMPATH\BaseModel.php(679): CodeIgniter\Model->doFindAll(0, 0)
 6 APPPATH\Models\ExportacionesModel.php(44): CodeIgniter\BaseModel->findAll()
 7 APPPATH\Controllers\admin\BackupAdminController.php(51): App\Models\ExportacionesModel->getWithUserInfo()
 8 SYSTEMPATH\CodeIgniter.php(933): App\Controllers\admin\BackupAdminController->index()
 9 SYSTEMPATH\CodeIgniter.php(507): CodeIgniter\CodeIgniter->runController(Object(App\Controllers\admin\BackupAdminController))
10 SYSTEMPATH\CodeIgniter.php(354): CodeIgniter\CodeIgniter->handleRequest(null, Object(Config\Cache), false)
11 SYSTEMPATH\Boot.php(334): CodeIgniter\CodeIgniter->run()
12 SYSTEMPATH\Boot.php(67): CodeIgniter\Boot::runCodeIgniter(Object(CodeIgniter\CodeIgniter))
13 FCPATH\index.php(59): CodeIgniter\Boot::bootWeb(Object(Config\Paths))
CRITICAL - 2025-08-29 02:58:49 --> [Caused by] mysqli_sql_exception: Table 'itsi.usuarios' doesn't exist
in SYSTEMPATH\Database\MySQLi\Connection.php on line 327.
 1 SYSTEMPATH\Database\MySQLi\Connection.php(327): mysqli->query('SELECT `TAB_EXPORTACIONES`.*, `usuarios`.`nombre`, `usuarios`.`email`
FROM `TAB_EXPORTACIONES`
JOIN `usuarios` ON `usuarios`.`ID_USUARIO` = `TAB_EXPORTACIONES`.`ID_USUARIO`
ORDER BY `FECHA_EXPORTACION` DESC', 0)
 2 SYSTEMPATH\Database\BaseConnection.php(738): CodeIgniter\Database\MySQLi\Connection->execute('SELECT `TAB_EXPORTACIONES`.*, `usuarios`.`nombre`, `usuarios`.`email`
FROM `TAB_EXPORTACIONES`
JOIN `usuarios` ON `usuarios`.`ID_USUARIO` = `TAB_EXPORTACIONES`.`ID_USUARIO`
ORDER BY `FECHA_EXPORTACION` DESC')
 3 SYSTEMPATH\Database\BaseConnection.php(652): CodeIgniter\Database\BaseConnection->simpleQuery('SELECT `TAB_EXPORTACIONES`.*, `usuarios`.`nombre`, `usuarios`.`email`
FROM `TAB_EXPORTACIONES`
JOIN `usuarios` ON `usuarios`.`ID_USUARIO` = `TAB_EXPORTACIONES`.`ID_USUARIO`
ORDER BY `FECHA_EXPORTACION` DESC')
 4 SYSTEMPATH\Database\BaseBuilder.php(1649): CodeIgniter\Database\BaseConnection->query('SELECT `TAB_EXPORTACIONES`.*, `usuarios`.`nombre`, `usuarios`.`email`
FROM `TAB_EXPORTACIONES`
JOIN `usuarios` ON `usuarios`.`ID_USUARIO` = `TAB_EXPORTACIONES`.`ID_USUARIO`
ORDER BY `FECHA_EXPORTACION` DESC', [], false)
 5 SYSTEMPATH\Model.php(286): CodeIgniter\Database\BaseBuilder->get()
 6 SYSTEMPATH\BaseModel.php(679): CodeIgniter\Model->doFindAll(0, 0)
 7 APPPATH\Models\ExportacionesModel.php(44): CodeIgniter\BaseModel->findAll()
 8 APPPATH\Controllers\admin\BackupAdminController.php(51): App\Models\ExportacionesModel->getWithUserInfo()
 9 SYSTEMPATH\CodeIgniter.php(933): App\Controllers\admin\BackupAdminController->index()
10 SYSTEMPATH\CodeIgniter.php(507): CodeIgniter\CodeIgniter->runController(Object(App\Controllers\admin\BackupAdminController))
11 SYSTEMPATH\CodeIgniter.php(354): CodeIgniter\CodeIgniter->handleRequest(null, Object(Config\Cache), false)
12 SYSTEMPATH\Boot.php(334): CodeIgniter\CodeIgniter->run()
13 SYSTEMPATH\Boot.php(67): CodeIgniter\Boot::runCodeIgniter(Object(CodeIgniter\CodeIgniter))
14 FCPATH\index.php(59): CodeIgniter\Boot::bootWeb(Object(Config\Paths))
DEBUG - 2025-08-29 02:58:55 --> Session: Class initialized using 'CodeIgniter\Session\Handlers\FileHandler' driver.
DEBUG - 2025-08-29 02:59:00 --> Session: Class initialized using 'CodeIgniter\Session\Handlers\FileHandler' driver.
DEBUG - 2025-08-29 03:13:34 --> Session: Class initialized using 'CodeIgniter\Session\Handlers\FileHandler' driver.
DEBUG - 2025-08-29 03:13:35 --> Session: Class initialized using 'CodeIgniter\Session\Handlers\FileHandler' driver.
DEBUG - 2025-08-29 03:16:36 --> Session: Class initialized using 'CodeIgniter\Session\Handlers\FileHandler' driver.
DEBUG - 2025-08-29 03:16:45 --> Session: Class initialized using 'CodeIgniter\Session\Handlers\FileHandler' driver.
DEBUG - 2025-08-29 03:16:45 --> Session: Class initialized using 'CodeIgniter\Session\Handlers\FileHandler' driver.
DEBUG - 2025-08-29 03:16:50 --> Session: Class initialized using 'CodeIgniter\Session\Handlers\FileHandler' driver.
DEBUG - 2025-08-29 03:16:53 --> Session: Class initialized using 'CodeIgniter\Session\Handlers\FileHandler' driver.
DEBUG - 2025-08-29 03:16:53 --> Session: Class initialized using 'CodeIgniter\Session\Handlers\FileHandler' driver.
DEBUG - 2025-08-29 03:26:29 --> Session: Class initialized using 'CodeIgniter\Session\Handlers\FileHandler' driver.
DEBUG - 2025-08-29 03:27:01 --> Session: Class initialized using 'CodeIgniter\Session\Handlers\FileHandler' driver.
DEBUG - 2025-08-29 15:44:37 --> Session: Class initialized using 'CodeIgniter\Session\Handlers\FileHandler' driver.
DEBUG - 2025-08-29 16:23:40 --> Session: Class initialized using 'CodeIgniter\Session\Handlers\FileHandler' driver.
DEBUG - 2025-08-29 16:23:42 --> Session: Class initialized using 'CodeIgniter\Session\Handlers\FileHandler' driver.
DEBUG - 2025-08-29 16:23:50 --> Session: Class initialized using 'CodeIgniter\Session\Handlers\FileHandler' driver.
DEBUG - 2025-08-29 16:23:52 --> Session: Class initialized using 'CodeIgniter\Session\Handlers\FileHandler' driver.
DEBUG - 2025-08-29 16:23:53 --> Session: Class initialized using 'CodeIgniter\Session\Handlers\FileHandler' driver.
DEBUG - 2025-08-29 16:24:04 --> Session: Class initialized using 'CodeIgniter\Session\Handlers\FileHandler' driver.
DEBUG - 2025-08-29 16:24:11 --> Session: Class initialized using 'CodeIgniter\Session\Handlers\FileHandler' driver.
DEBUG - 2025-08-29 16:24:11 --> Session: Class initialized using 'CodeIgniter\Session\Handlers\FileHandler' driver.
DEBUG - 2025-08-29 16:50:53 --> Session: Class initialized using 'CodeIgniter\Session\Handlers\FileHandler' driver.
DEBUG - 2025-08-29 16:50:56 --> Session: Class initialized using 'CodeIgniter\Session\Handlers\FileHandler' driver.
DEBUG - 2025-08-29 16:50:56 --> Session: Class initialized using 'CodeIgniter\Session\Handlers\FileHandler' driver.
DEBUG - 2025-08-29 16:51:01 --> Session: Class initialized using 'CodeIgniter\Session\Handlers\FileHandler' driver.
DEBUG - 2025-08-29 16:51:03 --> Session: Class initialized using 'CodeIgniter\Session\Handlers\FileHandler' driver.
DEBUG - 2025-08-29 16:51:04 --> Session: Class initialized using 'CodeIgniter\Session\Handlers\FileHandler' driver.
DEBUG - 2025-08-29 16:51:08 --> Session: Class initialized using 'CodeIgniter\Session\Handlers\FileHandler' driver.
DEBUG - 2025-08-29 16:51:11 --> Session: Class initialized using 'CodeIgniter\Session\Handlers\FileHandler' driver.
DEBUG - 2025-08-29 16:51:11 --> Session: Class initialized using 'CodeIgniter\Session\Handlers\FileHandler' driver.
DEBUG - 2025-08-29 16:51:16 --> Session: Class initialized using 'CodeIgniter\Session\Handlers\FileHandler' driver.
DEBUG - 2025-08-29 16:51:18 --> Session: Class initialized using 'CodeIgniter\Session\Handlers\FileHandler' driver.
DEBUG - 2025-08-29 16:51:18 --> Session: Class initialized using 'CodeIgniter\Session\Handlers\FileHandler' driver.
DEBUG - 2025-08-29 16:51:18 --> Session: Class initialized using 'CodeIgniter\Session\Handlers\FileHandler' driver.
DEBUG - 2025-08-29 16:51:18 --> Session: Class initialized using 'CodeIgniter\Session\Handlers\FileHandler' driver.
DEBUG - 2025-08-29 16:51:19 --> Session: Class initialized using 'CodeIgniter\Session\Handlers\FileHandler' driver.
DEBUG - 2025-08-29 16:51:19 --> Session: Class initialized using 'CodeIgniter\Session\Handlers\FileHandler' driver.
DEBUG - 2025-08-29 16:51:19 --> Session: Class initialized using 'CodeIgniter\Session\Handlers\FileHandler' driver.
DEBUG - 2025-08-29 16:51:19 --> Session: Class initialized using 'CodeIgniter\Session\Handlers\FileHandler' driver.
DEBUG - 2025-08-29 16:51:19 --> Session: Class initialized using 'CodeIgniter\Session\Handlers\FileHandler' driver.
DEBUG - 2025-08-29 16:51:19 --> Session: Class initialized using 'CodeIgniter\Session\Handlers\FileHandler' driver.
DEBUG - 2025-08-29 16:51:19 --> Session: Class initialized using 'CodeIgniter\Session\Handlers\FileHandler' driver.
DEBUG - 2025-08-29 16:51:19 --> Session: Class initialized using 'CodeIgniter\Session\Handlers\FileHandler' driver.
DEBUG - 2025-08-29 16:51:20 --> Session: Class initialized using 'CodeIgniter\Session\Handlers\FileHandler' driver.
DEBUG - 2025-08-29 16:51:20 --> Session: Class initialized using 'CodeIgniter\Session\Handlers\FileHandler' driver.
DEBUG - 2025-08-29 16:51:20 --> Session: Class initialized using 'CodeIgniter\Session\Handlers\FileHandler' driver.
DEBUG - 2025-08-29 16:51:20 --> Session: Class initialized using 'CodeIgniter\Session\Handlers\FileHandler' driver.
DEBUG - 2025-08-29 16:51:20 --> Session: Class initialized using 'CodeIgniter\Session\Handlers\FileHandler' driver.
DEBUG - 2025-08-29 16:51:20 --> Session: Class initialized using 'CodeIgniter\Session\Handlers\FileHandler' driver.
DEBUG - 2025-08-29 16:51:20 --> Session: Class initialized using 'CodeIgniter\Session\Handlers\FileHandler' driver.
DEBUG - 2025-08-29 16:51:20 --> Session: Class initialized using 'CodeIgniter\Session\Handlers\FileHandler' driver.
DEBUG - 2025-08-29 16:51:22 --> Session: Class initialized using 'CodeIgniter\Session\Handlers\FileHandler' driver.
DEBUG - 2025-08-29 16:51:22 --> Session: Class initialized using 'CodeIgniter\Session\Handlers\FileHandler' driver.
DEBUG - 2025-08-29 16:51:22 --> Session: Class initialized using 'CodeIgniter\Session\Handlers\FileHandler' driver.
DEBUG - 2025-08-29 16:51:22 --> Session: Class initialized using 'CodeIgniter\Session\Handlers\FileHandler' driver.
DEBUG - 2025-08-29 16:51:22 --> Session: Class initialized using 'CodeIgniter\Session\Handlers\FileHandler' driver.
DEBUG - 2025-08-29 16:51:22 --> Session: Class initialized using 'CodeIgniter\Session\Handlers\FileHandler' driver.
DEBUG - 2025-08-29 16:51:22 --> Session: Class initialized using 'CodeIgniter\Session\Handlers\FileHandler' driver.
DEBUG - 2025-08-29 16:51:23 --> Session: Class initialized using 'CodeIgniter\Session\Handlers\FileHandler' driver.
DEBUG - 2025-08-29 16:51:23 --> Session: Class initialized using 'CodeIgniter\Session\Handlers\FileHandler' driver.
DEBUG - 2025-08-29 16:51:23 --> Session: Class initialized using 'CodeIgniter\Session\Handlers\FileHandler' driver.
DEBUG - 2025-08-29 16:51:23 --> Session: Class initialized using 'CodeIgniter\Session\Handlers\FileHandler' driver.
DEBUG - 2025-08-29 16:51:23 --> Session: Class initialized using 'CodeIgniter\Session\Handlers\FileHandler' driver.
DEBUG - 2025-08-29 16:51:26 --> Session: Class initialized using 'CodeIgniter\Session\Handlers\FileHandler' driver.
DEBUG - 2025-08-29 16:51:30 --> Session: Class initialized using 'CodeIgniter\Session\Handlers\FileHandler' driver.
