DEBUG - 2025-08-27 16:21:03 --> Session: Class initialized using 'CodeIgniter\Session\Handlers\FileHandler' driver.
CRITICAL - 2025-08-27 16:21:04 --> ErrorException: Undefined variable $labels
[Method: GET, Route: admin/dashboard]
in APPPATH\Views\admin\dashboard\dashboardAdmin.php on line 77.
 1 APPPATH\Views\admin\dashboard\dashboardAdmin.php(77): CodeIgniter\Debug\Exceptions->errorHandler(2, 'Undefined variable $labels', 'C:\\xampp\\htdocs\\ITSI\\app\\Views\\admin\\dashboard\\dashboardAdmin.php', 77)
 2 SYSTEMPATH\View\View.php(224): include('C:\\xampp\\htdocs\\ITSI\\app\\Views\\admin\\dashboard\\dashboardAdmin.php')
 3 SYSTEMPATH\View\View.php(227): CodeIgniter\View\View->CodeIgniter\View\{closure}()
 4 SYSTEMPATH\Common.php(1173): CodeIgniter\View\View->render('admin/dashboard/dashboardAdmin', [], true)
 5 APPPATH\Controllers\admin\DashboardAdminController.php(24): view('admin/dashboard/dashboardAdmin', [...])
 6 SYSTEMPATH\CodeIgniter.php(933): App\Controllers\admin\DashboardAdminController->index()
 7 SYSTEMPATH\CodeIgniter.php(507): CodeIgniter\CodeIgniter->runController(Object(App\Controllers\admin\DashboardAdminController))
 8 SYSTEMPATH\CodeIgniter.php(354): CodeIgniter\CodeIgniter->handleRequest(null, Object(Config\Cache), false)
 9 SYSTEMPATH\Boot.php(334): CodeIgniter\CodeIgniter->run()
10 SYSTEMPATH\Boot.php(67): CodeIgniter\Boot::runCodeIgniter(Object(CodeIgniter\CodeIgniter))
11 FCPATH\index.php(59): CodeIgniter\Boot::bootWeb(Object(Config\Paths))
DEBUG - 2025-08-27 16:35:40 --> Session: Class initialized using 'CodeIgniter\Session\Handlers\FileHandler' driver.
DEBUG - 2025-08-27 16:37:48 --> Session: Class initialized using 'CodeIgniter\Session\Handlers\FileHandler' driver.
DEBUG - 2025-08-27 17:22:56 --> Session: Class initialized using 'CodeIgniter\Session\Handlers\FileHandler' driver.
DEBUG - 2025-08-27 17:23:00 --> Session: Class initialized using 'CodeIgniter\Session\Handlers\FileHandler' driver.
DEBUG - 2025-08-27 17:35:15 --> Session: Class initialized using 'CodeIgniter\Session\Handlers\FileHandler' driver.
