DEBUG - 2026-03-04 07:52:45 --> Session: Class initialized using 'CodeIgniter\Session\Handlers\FileHandler' driver.
DEBUG - 2026-03-04 07:53:03 --> Session: Class initialized using 'CodeIgniter\Session\Handlers\FileHandler' driver.
INFO - 2026-03-04 07:53:04 --> Usuario autenticado: 1004191845 con rol: 1 - requiere cambio password: no
DEBUG - 2026-03-04 07:53:04 --> Session: Class initialized using 'CodeIgniter\Session\Handlers\FileHandler' driver.
DEBUG - 2026-03-04 07:53:04 --> Estadísticas mensuales: [{"mes":"Abr 2025","actividades":0,"practicas":0},{"mes":"May 2025","actividades":0,"practicas":0},{"mes":"Jun 2025","actividades":0,"practicas":1},{"mes":"Jul 2025","actividades":0,"practicas":1},{"mes":"Ago 2025","actividades":2,"practicas":1},{"mes":"Sep 2025","actividades":0,"practicas":1},{"mes":"Oct 2025","actividades":1,"practicas":1},{"mes":"Nov 2025","actividades":1,"practicas":1},{"mes":"Dic 2025","actividades":1,"practicas":1},{"mes":"Ene 2026","actividades":0,"practicas":1},{"mes":"Feb 2026","actividades":0,"practicas":1},{"mes":"Mar 2026","actividades":0,"practicas":1}]
DEBUG - 2026-03-04 07:53:04 --> Distribución carreras: [{"CARRERA":"Desarrollo de Software","TOTAL":"5"},{"CARRERA":"Dise\u00f1o Gr\u00e1fico","TOTAL":"4"},{"CARRERA":"Redes y Telecomunicaciones","TOTAL":"3"},{"CARRERA":"Administraci\u00f3n","TOTAL":"2"},{"CARRERA":"Marketing Digital y Comercio Electronico","TOTAL":"1"},{"CARRERA":"Atenci\u00f3n Integral a Adultos Mayores","TOTAL":"1"}]
DEBUG - 2026-03-04 07:56:57 --> Session: Class initialized using 'CodeIgniter\Session\Handlers\FileHandler' driver.
DEBUG - 2026-03-04 07:56:57 --> Estadísticas mensuales: [{"mes":"Abr 2025","actividades":0,"practicas":0},{"mes":"May 2025","actividades":0,"practicas":0},{"mes":"Jun 2025","actividades":0,"practicas":1},{"mes":"Jul 2025","actividades":0,"practicas":1},{"mes":"Ago 2025","actividades":2,"practicas":1},{"mes":"Sep 2025","actividades":0,"practicas":1},{"mes":"Oct 2025","actividades":1,"practicas":1},{"mes":"Nov 2025","actividades":1,"practicas":1},{"mes":"Dic 2025","actividades":1,"practicas":1},{"mes":"Ene 2026","actividades":0,"practicas":1},{"mes":"Feb 2026","actividades":0,"practicas":1},{"mes":"Mar 2026","actividades":0,"practicas":1}]
DEBUG - 2026-03-04 07:56:57 --> Distribución carreras: [{"CARRERA":"Desarrollo de Software","TOTAL":"5"},{"CARRERA":"Dise\u00f1o Gr\u00e1fico","TOTAL":"4"},{"CARRERA":"Redes y Telecomunicaciones","TOTAL":"3"},{"CARRERA":"Administraci\u00f3n","TOTAL":"2"},{"CARRERA":"Marketing Digital y Comercio Electronico","TOTAL":"1"},{"CARRERA":"Atenci\u00f3n Integral a Adultos Mayores","TOTAL":"1"}]
DEBUG - 2026-03-04 07:59:11 --> Session: Class initialized using 'CodeIgniter\Session\Handlers\FileHandler' driver.
INFO - 2026-03-04 07:59:11 --> Iniciando proceso de cierre de sesión para usuario: ycampues
INFO - 2026-03-04 07:59:11 --> Sesión cerrada exitosamente
DEBUG - 2026-03-04 07:59:11 --> Session: Class initialized using 'CodeIgniter\Session\Handlers\FileHandler' driver.
DEBUG - 2026-03-04 07:59:20 --> Session: Class initialized using 'CodeIgniter\Session\Handlers\FileHandler' driver.
DEBUG - 2026-03-04 07:59:21 --> Session: Class initialized using 'CodeIgniter\Session\Handlers\FileHandler' driver.
DEBUG - 2026-03-04 07:59:29 --> Session: Class initialized using 'CodeIgniter\Session\Handlers\FileHandler' driver.
DEBUG - 2026-03-04 07:59:29 --> Session: Class initialized using 'CodeIgniter\Session\Handlers\FileHandler' driver.
DEBUG - 2026-03-04 07:59:37 --> Session: Class initialized using 'CodeIgniter\Session\Handlers\FileHandler' driver.
INFO - 2026-03-04 07:59:37 --> Usuario autenticado: ayandun con rol: 2 - requiere cambio password: no
DEBUG - 2026-03-04 07:59:37 --> Session: Class initialized using 'CodeIgniter\Session\Handlers\FileHandler' driver.
DEBUG - 2026-03-04 08:00:06 --> Actividades cargadas: [{"ID_ACTIVIDAD_EDUCACION":"3","ID_PERIODO_ACADEMICO":null,"ID_INSTRUCTOR":"3","ID_TIPO_MODALIDAD":"1","ID_TIPO_ACTIVIDAD":"3","ID_USUARIO":"1","NOMBRE_ACTIVIDAD":"Inteligencia Artificial y Machine Learning","DESCRIPCION":"Seminario sobre tendencias actuales en IA y aplicaciones pr\u00e1cticas.","OBJETIVOS":"Actualizar conocimientos en inteligencia artificial y sus aplicaciones","DURACION_HORAS":"16","FECHA_INICIO":"2025-12-15","FECHA_FIN":"2025-12-16","LUGAR":"Auditorio Principal","HORARIO":"8:00-17:00","INCLUYE_CERTIFICADO":"1","PROGRAMA_DETALLADO":"Introducci\u00f3n a la IA\nMachine Learning b\u00e1sico\nDeep Learning\nAplicaciones pr\u00e1cticas\nCasos de estudio","ACTIVIDAD":"Seminario","MODALIDAD":"Presencial","ESPECIALIDAD":"Inteligencia Artificial","NOMBRE":"Mar\u00eda","APELLIDO":"Gonz\u00e1lez"},{"ID_ACTIVIDAD_EDUCACION":"5","ID_PERIODO_ACADEMICO":null,"ID_INSTRUCTOR":"2","ID_TIPO_MODALIDAD":"2","ID_TIPO_ACTIVIDAD":"2","ID_USUARIO":"1","NOMBRE_ACTIVIDAD":"Configuraci\u00f3n de Redes","DESCRIPCION":"Taller de configuraci\u00f3n y administraci\u00f3n de redes de computadoras.","OBJETIVOS":"Capacitar en configuraci\u00f3n y administraci\u00f3n de redes","DURACION_HORAS":"32","FECHA_INICIO":"2025-11-01","FECHA_FIN":"2025-11-30","LUGAR":"Laboratorio de Redes","HORARIO":"S\u00e1bados 8:00-12:00","INCLUYE_CERTIFICADO":"1","PROGRAMA_DETALLADO":"Protocolos de red\nConfiguraci\u00f3n de routers\nSwitches y VLANs\nSeguridad en redes","ACTIVIDAD":"Taller","MODALIDAD":"Virtual","ESPECIALIDAD":"Hardware y Redes","NOMBRE":"Ana","APELLIDO":"Ruiz"},{"ID_ACTIVIDAD_EDUCACION":"2","ID_PERIODO_ACADEMICO":null,"ID_INSTRUCTOR":"2","ID_TIPO_MODALIDAD":"2","ID_TIPO_ACTIVIDAD":"2","ID_USUARIO":"1","NOMBRE_ACTIVIDAD":"Reparaci\u00f3n de Equipos de C\u00f3mputo","DESCRIPCION":"Taller pr\u00e1ctico de mantenimiento y reparaci\u00f3n de hardware de computadoras.","OBJETIVOS":"Capacitar en t\u00e9cnicas de diagn\u00f3stico y reparaci\u00f3n de equipos","DURACION_HORAS":"40","FECHA_INICIO":"2025-10-01","FECHA_FIN":"2025-10-31","LUGAR":"Plataforma Virtual","HORARIO":"S\u00e1bados 9:00-13:00","INCLUYE_CERTIFICADO":"1","PROGRAMA_DETALLADO":"Diagn\u00f3stico de problemas\nReparaci\u00f3n de hardware\nMantenimiento preventivo\nInstalaci\u00f3n de software","ACTIVIDAD":"Taller","MODALIDAD":"Virtual","ESPECIALIDAD":"Hardware y Redes","NOMBRE":"Ana","APELLIDO":"Ruiz"},{"ID_ACTIVIDAD_EDUCACION":"1","ID_PERIODO_ACADEMICO":null,"ID_INSTRUCTOR":"1","ID_TIPO_MODALIDAD":"1","ID_TIPO_ACTIVIDAD":"1","ID_USUARIO":"1","NOMBRE_ACTIVIDAD":"Desarrollo Web Full Stack","DESCRIPCION":"Curso completo de desarrollo web con tecnolog\u00edas modernas como React, Node.js, MongoDB y m\u00e1s.","OBJETIVOS":"Formar desarrolladores full stack competentes en tecnolog\u00edas web modernas","DURACION_HORAS":"4","FECHA_INICIO":"2025-08-18","FECHA_FIN":"2025-08-19","LUGAR":"Laboratorio de Programaci\u00f3n","HORARIO":"Lunes a Martess 16:00-18:00","INCLUYE_CERTIFICADO":"1","PROGRAMA_DETALLADO":"M\u00f3dulo 1: HTML\/CSS\/JavaScript\r\nM\u00f3dulo 2: React.js\r\nM\u00f3dulo 3: Node.js\r\nM\u00f3dulo 4: Base de datos\r\nM\u00f3dulo 5: Proyecto final","ACTIVIDAD":"Curso","MODALIDAD":"Presencial","ESPECIALIDAD":"Desarrollo de Software","NOMBRE":"Carlos","APELLIDO":"Mendoza"},{"ID_ACTIVIDAD_EDUCACION":"4","ID_PERIODO_ACADEMICO":null,"ID_INSTRUCTOR":"1","ID_TIPO_MODALIDAD":"1","ID_TIPO_ACTIVIDAD":"1","ID_USUARIO":"1","NOMBRE_ACTIVIDAD":"Programaci\u00f3n en Python","DESCRIPCION":"Curso introductorio de programaci\u00f3n usando Python como lenguaje principal.","OBJETIVOS":"Ense\u00f1ar los fundamentos de programaci\u00f3n usando Python","DURACION_HORAS":"80","FECHA_INICIO":"2025-08-01","FECHA_FIN":"2025-09-30","LUGAR":"Laboratorio de Programaci\u00f3n","HORARIO":"Martes y Jueves 18:00-20:00","INCLUYE_CERTIFICADO":"1","PROGRAMA_DETALLADO":"Variables y tipos de datos\nEstructuras de control\nFunciones\nPOO\nLibrer\u00edas b\u00e1sicas","ACTIVIDAD":"Curso","MODALIDAD":"Presencial","ESPECIALIDAD":"Desarrollo de Software","NOMBRE":"Carlos","APELLIDO":"Mendoza"}]
DEBUG - 2026-03-04 08:00:06 --> Session: Class initialized using 'CodeIgniter\Session\Handlers\FileHandler' driver.
DEBUG - 2026-03-04 08:00:13 --> Session: Class initialized using 'CodeIgniter\Session\Handlers\FileHandler' driver.
DEBUG - 2026-03-04 08:01:53 --> Actividades cargadas: [{"ID_ACTIVIDAD_EDUCACION":"3","ID_PERIODO_ACADEMICO":null,"ID_INSTRUCTOR":"3","ID_TIPO_MODALIDAD":"1","ID_TIPO_ACTIVIDAD":"3","ID_USUARIO":"1","NOMBRE_ACTIVIDAD":"Inteligencia Artificial y Machine Learning","DESCRIPCION":"Seminario sobre tendencias actuales en IA y aplicaciones pr\u00e1cticas.","OBJETIVOS":"Actualizar conocimientos en inteligencia artificial y sus aplicaciones","DURACION_HORAS":"16","FECHA_INICIO":"2025-12-15","FECHA_FIN":"2025-12-16","LUGAR":"Auditorio Principal","HORARIO":"8:00-17:00","INCLUYE_CERTIFICADO":"1","PROGRAMA_DETALLADO":"Introducci\u00f3n a la IA\nMachine Learning b\u00e1sico\nDeep Learning\nAplicaciones pr\u00e1cticas\nCasos de estudio","ACTIVIDAD":"Seminario","MODALIDAD":"Presencial","ESPECIALIDAD":"Inteligencia Artificial","NOMBRE":"Mar\u00eda","APELLIDO":"Gonz\u00e1lez"},{"ID_ACTIVIDAD_EDUCACION":"5","ID_PERIODO_ACADEMICO":null,"ID_INSTRUCTOR":"2","ID_TIPO_MODALIDAD":"2","ID_TIPO_ACTIVIDAD":"2","ID_USUARIO":"1","NOMBRE_ACTIVIDAD":"Configuraci\u00f3n de Redes","DESCRIPCION":"Taller de configuraci\u00f3n y administraci\u00f3n de redes de computadoras.","OBJETIVOS":"Capacitar en configuraci\u00f3n y administraci\u00f3n de redes","DURACION_HORAS":"32","FECHA_INICIO":"2025-11-01","FECHA_FIN":"2025-11-30","LUGAR":"Laboratorio de Redes","HORARIO":"S\u00e1bados 8:00-12:00","INCLUYE_CERTIFICADO":"1","PROGRAMA_DETALLADO":"Protocolos de red\nConfiguraci\u00f3n de routers\nSwitches y VLANs\nSeguridad en redes","ACTIVIDAD":"Taller","MODALIDAD":"Virtual","ESPECIALIDAD":"Hardware y Redes","NOMBRE":"Ana","APELLIDO":"Ruiz"},{"ID_ACTIVIDAD_EDUCACION":"2","ID_PERIODO_ACADEMICO":null,"ID_INSTRUCTOR":"2","ID_TIPO_MODALIDAD":"2","ID_TIPO_ACTIVIDAD":"2","ID_USUARIO":"1","NOMBRE_ACTIVIDAD":"Reparaci\u00f3n de Equipos de C\u00f3mputo","DESCRIPCION":"Taller pr\u00e1ctico de mantenimiento y reparaci\u00f3n de hardware de computadoras.","OBJETIVOS":"Capacitar en t\u00e9cnicas de diagn\u00f3stico y reparaci\u00f3n de equipos","DURACION_HORAS":"40","FECHA_INICIO":"2025-10-01","FECHA_FIN":"2025-10-31","LUGAR":"Plataforma Virtual","HORARIO":"S\u00e1bados 9:00-13:00","INCLUYE_CERTIFICADO":"1","PROGRAMA_DETALLADO":"Diagn\u00f3stico de problemas\nReparaci\u00f3n de hardware\nMantenimiento preventivo\nInstalaci\u00f3n de software","ACTIVIDAD":"Taller","MODALIDAD":"Virtual","ESPECIALIDAD":"Hardware y Redes","NOMBRE":"Ana","APELLIDO":"Ruiz"},{"ID_ACTIVIDAD_EDUCACION":"1","ID_PERIODO_ACADEMICO":null,"ID_INSTRUCTOR":"1","ID_TIPO_MODALIDAD":"1","ID_TIPO_ACTIVIDAD":"1","ID_USUARIO":"1","NOMBRE_ACTIVIDAD":"Desarrollo Web Full Stack","DESCRIPCION":"Curso completo de desarrollo web con tecnolog\u00edas modernas como React, Node.js, MongoDB y m\u00e1s.","OBJETIVOS":"Formar desarrolladores full stack competentes en tecnolog\u00edas web modernas","DURACION_HORAS":"4","FECHA_INICIO":"2025-08-18","FECHA_FIN":"2025-08-19","LUGAR":"Laboratorio de Programaci\u00f3n","HORARIO":"Lunes a Martess 16:00-18:00","INCLUYE_CERTIFICADO":"1","PROGRAMA_DETALLADO":"M\u00f3dulo 1: HTML\/CSS\/JavaScript\r\nM\u00f3dulo 2: React.js\r\nM\u00f3dulo 3: Node.js\r\nM\u00f3dulo 4: Base de datos\r\nM\u00f3dulo 5: Proyecto final","ACTIVIDAD":"Curso","MODALIDAD":"Presencial","ESPECIALIDAD":"Desarrollo de Software","NOMBRE":"Carlos","APELLIDO":"Mendoza"},{"ID_ACTIVIDAD_EDUCACION":"4","ID_PERIODO_ACADEMICO":null,"ID_INSTRUCTOR":"1","ID_TIPO_MODALIDAD":"1","ID_TIPO_ACTIVIDAD":"1","ID_USUARIO":"1","NOMBRE_ACTIVIDAD":"Programaci\u00f3n en Python","DESCRIPCION":"Curso introductorio de programaci\u00f3n usando Python como lenguaje principal.","OBJETIVOS":"Ense\u00f1ar los fundamentos de programaci\u00f3n usando Python","DURACION_HORAS":"80","FECHA_INICIO":"2025-08-01","FECHA_FIN":"2025-09-30","LUGAR":"Laboratorio de Programaci\u00f3n","HORARIO":"Martes y Jueves 18:00-20:00","INCLUYE_CERTIFICADO":"1","PROGRAMA_DETALLADO":"Variables y tipos de datos\nEstructuras de control\nFunciones\nPOO\nLibrer\u00edas b\u00e1sicas","ACTIVIDAD":"Curso","MODALIDAD":"Presencial","ESPECIALIDAD":"Desarrollo de Software","NOMBRE":"Carlos","APELLIDO":"Mendoza"}]
DEBUG - 2026-03-04 08:01:53 --> Session: Class initialized using 'CodeIgniter\Session\Handlers\FileHandler' driver.
DEBUG - 2026-03-04 08:02:58 --> Session: Class initialized using 'CodeIgniter\Session\Handlers\FileHandler' driver.
ERROR - 2026-03-04 08:02:58 --> mysqli_sql_exception: Table 'itsi.estudiantes' doesn't exist in C:\xampp\htdocs\ITSI\vendor\codeigniter4\framework\system\Database\MySQLi\Connection.php:327
Stack trace:
#0 C:\xampp\htdocs\ITSI\vendor\codeigniter4\framework\system\Database\MySQLi\Connection.php(327): mysqli->query('SELECT COUNT(*)...', 0)
#1 C:\xampp\htdocs\ITSI\vendor\codeigniter4\framework\system\Database\BaseConnection.php(738): CodeIgniter\Database\MySQLi\Connection->execute('SELECT COUNT(*)...')
#2 C:\xampp\htdocs\ITSI\vendor\codeigniter4\framework\system\Database\BaseConnection.php(652): CodeIgniter\Database\BaseConnection->simpleQuery('SELECT COUNT(*)...')
#3 C:\xampp\htdocs\ITSI\vendor\codeigniter4\framework\system\Database\BaseBuilder.php(1733): CodeIgniter\Database\BaseConnection->query('SELECT COUNT(*)...', Array, false)
#4 C:\xampp\htdocs\ITSI\app\Controllers\docente\PracticasDocenteController.php(229): CodeIgniter\Database\BaseBuilder->countAllResults()
#5 C:\xampp\htdocs\ITSI\app\Controllers\docente\PracticasDocenteController.php(44): App\Controllers\docente\PracticasDocenteController->obtenerEstadisticasDocente('2')
#6 C:\xampp\htdocs\ITSI\vendor\codeigniter4\framework\system\CodeIgniter.php(933): App\Controllers\docente\PracticasDocenteController->index()
#7 C:\xampp\htdocs\ITSI\vendor\codeigniter4\framework\system\CodeIgniter.php(507): CodeIgniter\CodeIgniter->runController(Object(App\Controllers\docente\PracticasDocenteController))
#8 C:\xampp\htdocs\ITSI\vendor\codeigniter4\framework\system\CodeIgniter.php(354): CodeIgniter\CodeIgniter->handleRequest(NULL, Object(Config\Cache), false)
#9 C:\xampp\htdocs\ITSI\vendor\codeigniter4\framework\system\Boot.php(334): CodeIgniter\CodeIgniter->run()
#10 C:\xampp\htdocs\ITSI\vendor\codeigniter4\framework\system\Boot.php(67): CodeIgniter\Boot::runCodeIgniter(Object(CodeIgniter\CodeIgniter))
#11 C:\xampp\htdocs\ITSI\public\index.php(59): CodeIgniter\Boot::bootWeb(Object(Config\Paths))
#12 {main}
ERROR - 2026-03-04 08:02:58 --> Error al obtener estadísticas del docente: Table 'itsi.estudiantes' doesn't exist
ERROR - 2026-03-04 08:02:58 --> mysqli_sql_exception: Table 'itsi.practicas_preprofesionales' doesn't exist in C:\xampp\htdocs\ITSI\vendor\codeigniter4\framework\system\Database\MySQLi\Connection.php:327
Stack trace:
#0 C:\xampp\htdocs\ITSI\vendor\codeigniter4\framework\system\Database\MySQLi\Connection.php(327): mysqli->query('SELECT `pp`.*, ...', 0)
#1 C:\xampp\htdocs\ITSI\vendor\codeigniter4\framework\system\Database\BaseConnection.php(738): CodeIgniter\Database\MySQLi\Connection->execute('SELECT `pp`.*, ...')
#2 C:\xampp\htdocs\ITSI\vendor\codeigniter4\framework\system\Database\BaseConnection.php(652): CodeIgniter\Database\BaseConnection->simpleQuery('SELECT `pp`.*, ...')
#3 C:\xampp\htdocs\ITSI\vendor\codeigniter4\framework\system\Database\BaseBuilder.php(1649): CodeIgniter\Database\BaseConnection->query('SELECT `pp`.*, ...', Array, false)
#4 C:\xampp\htdocs\ITSI\app\Controllers\docente\PracticasDocenteController.php(289): CodeIgniter\Database\BaseBuilder->get()
#5 C:\xampp\htdocs\ITSI\app\Controllers\docente\PracticasDocenteController.php(47): App\Controllers\docente\PracticasDocenteController->obtenerEstudiantesAsignados('2')
#6 C:\xampp\htdocs\ITSI\vendor\codeigniter4\framework\system\CodeIgniter.php(933): App\Controllers\docente\PracticasDocenteController->index()
#7 C:\xampp\htdocs\ITSI\vendor\codeigniter4\framework\system\CodeIgniter.php(507): CodeIgniter\CodeIgniter->runController(Object(App\Controllers\docente\PracticasDocenteController))
#8 C:\xampp\htdocs\ITSI\vendor\codeigniter4\framework\system\CodeIgniter.php(354): CodeIgniter\CodeIgniter->handleRequest(NULL, Object(Config\Cache), false)
#9 C:\xampp\htdocs\ITSI\vendor\codeigniter4\framework\system\Boot.php(334): CodeIgniter\CodeIgniter->run()
#10 C:\xampp\htdocs\ITSI\vendor\codeigniter4\framework\system\Boot.php(67): CodeIgniter\Boot::runCodeIgniter(Object(CodeIgniter\CodeIgniter))
#11 C:\xampp\htdocs\ITSI\public\index.php(59): CodeIgniter\Boot::bootWeb(Object(Config\Paths))
#12 {main}
ERROR - 2026-03-04 08:02:58 --> Error al obtener estudiantes asignados: Table 'itsi.practicas_preprofesionales' doesn't exist
ERROR - 2026-03-04 08:02:58 --> mysqli_sql_exception: Table 'itsi.evaluaciones_practicas' doesn't exist in C:\xampp\htdocs\ITSI\vendor\codeigniter4\framework\system\Database\MySQLi\Connection.php:327
Stack trace:
#0 C:\xampp\htdocs\ITSI\vendor\codeigniter4\framework\system\Database\MySQLi\Connection.php(327): mysqli->query('SELECT `ep`.*, ...', 0)
#1 C:\xampp\htdocs\ITSI\vendor\codeigniter4\framework\system\Database\BaseConnection.php(738): CodeIgniter\Database\MySQLi\Connection->execute('SELECT `ep`.*, ...')
#2 C:\xampp\htdocs\ITSI\vendor\codeigniter4\framework\system\Database\BaseConnection.php(652): CodeIgniter\Database\BaseConnection->simpleQuery('SELECT `ep`.*, ...')
#3 C:\xampp\htdocs\ITSI\vendor\codeigniter4\framework\system\Database\BaseBuilder.php(1649): CodeIgniter\Database\BaseConnection->query('SELECT `ep`.*, ...', Array, false)
#4 C:\xampp\htdocs\ITSI\app\Controllers\docente\PracticasDocenteController.php(361): CodeIgniter\Database\BaseBuilder->get()
#5 C:\xampp\htdocs\ITSI\app\Controllers\docente\PracticasDocenteController.php(50): App\Controllers\docente\PracticasDocenteController->obtenerEvaluacionesPendientes('2')
#6 C:\xampp\htdocs\ITSI\vendor\codeigniter4\framework\system\CodeIgniter.php(933): App\Controllers\docente\PracticasDocenteController->index()
#7 C:\xampp\htdocs\ITSI\vendor\codeigniter4\framework\system\CodeIgniter.php(507): CodeIgniter\CodeIgniter->runController(Object(App\Controllers\docente\PracticasDocenteController))
#8 C:\xampp\htdocs\ITSI\vendor\codeigniter4\framework\system\CodeIgniter.php(354): CodeIgniter\CodeIgniter->handleRequest(NULL, Object(Config\Cache), false)
#9 C:\xampp\htdocs\ITSI\vendor\codeigniter4\framework\system\Boot.php(334): CodeIgniter\CodeIgniter->run()
#10 C:\xampp\htdocs\ITSI\vendor\codeigniter4\framework\system\Boot.php(67): CodeIgniter\Boot::runCodeIgniter(Object(CodeIgniter\CodeIgniter))
#11 C:\xampp\htdocs\ITSI\public\index.php(59): CodeIgniter\Boot::bootWeb(Object(Config\Paths))
#12 {main}
ERROR - 2026-03-04 08:02:58 --> Error al obtener evaluaciones pendientes: Table 'itsi.evaluaciones_practicas' doesn't exist
DEBUG - 2026-03-04 08:03:23 --> Session: Class initialized using 'CodeIgniter\Session\Handlers\FileHandler' driver.
DEBUG - 2026-03-04 08:03:29 --> Session: Class initialized using 'CodeIgniter\Session\Handlers\FileHandler' driver.
ERROR - 2026-03-04 08:03:29 --> mysqli_sql_exception: Table 'itsi.estudiantes' doesn't exist in C:\xampp\htdocs\ITSI\vendor\codeigniter4\framework\system\Database\MySQLi\Connection.php:327
Stack trace:
#0 C:\xampp\htdocs\ITSI\vendor\codeigniter4\framework\system\Database\MySQLi\Connection.php(327): mysqli->query('SELECT COUNT(*)...', 0)
#1 C:\xampp\htdocs\ITSI\vendor\codeigniter4\framework\system\Database\BaseConnection.php(738): CodeIgniter\Database\MySQLi\Connection->execute('SELECT COUNT(*)...')
#2 C:\xampp\htdocs\ITSI\vendor\codeigniter4\framework\system\Database\BaseConnection.php(652): CodeIgniter\Database\BaseConnection->simpleQuery('SELECT COUNT(*)...')
#3 C:\xampp\htdocs\ITSI\vendor\codeigniter4\framework\system\Database\BaseBuilder.php(1733): CodeIgniter\Database\BaseConnection->query('SELECT COUNT(*)...', Array, false)
#4 C:\xampp\htdocs\ITSI\app\Controllers\docente\PracticasDocenteController.php(229): CodeIgniter\Database\BaseBuilder->countAllResults()
#5 C:\xampp\htdocs\ITSI\app\Controllers\docente\PracticasDocenteController.php(44): App\Controllers\docente\PracticasDocenteController->obtenerEstadisticasDocente('2')
#6 C:\xampp\htdocs\ITSI\vendor\codeigniter4\framework\system\CodeIgniter.php(933): App\Controllers\docente\PracticasDocenteController->index()
#7 C:\xampp\htdocs\ITSI\vendor\codeigniter4\framework\system\CodeIgniter.php(507): CodeIgniter\CodeIgniter->runController(Object(App\Controllers\docente\PracticasDocenteController))
#8 C:\xampp\htdocs\ITSI\vendor\codeigniter4\framework\system\CodeIgniter.php(354): CodeIgniter\CodeIgniter->handleRequest(NULL, Object(Config\Cache), false)
#9 C:\xampp\htdocs\ITSI\vendor\codeigniter4\framework\system\Boot.php(334): CodeIgniter\CodeIgniter->run()
#10 C:\xampp\htdocs\ITSI\vendor\codeigniter4\framework\system\Boot.php(67): CodeIgniter\Boot::runCodeIgniter(Object(CodeIgniter\CodeIgniter))
#11 C:\xampp\htdocs\ITSI\public\index.php(59): CodeIgniter\Boot::bootWeb(Object(Config\Paths))
#12 {main}
ERROR - 2026-03-04 08:03:29 --> Error al obtener estadísticas del docente: Table 'itsi.estudiantes' doesn't exist
ERROR - 2026-03-04 08:03:29 --> mysqli_sql_exception: Table 'itsi.practicas_preprofesionales' doesn't exist in C:\xampp\htdocs\ITSI\vendor\codeigniter4\framework\system\Database\MySQLi\Connection.php:327
Stack trace:
#0 C:\xampp\htdocs\ITSI\vendor\codeigniter4\framework\system\Database\MySQLi\Connection.php(327): mysqli->query('SELECT `pp`.*, ...', 0)
#1 C:\xampp\htdocs\ITSI\vendor\codeigniter4\framework\system\Database\BaseConnection.php(738): CodeIgniter\Database\MySQLi\Connection->execute('SELECT `pp`.*, ...')
#2 C:\xampp\htdocs\ITSI\vendor\codeigniter4\framework\system\Database\BaseConnection.php(652): CodeIgniter\Database\BaseConnection->simpleQuery('SELECT `pp`.*, ...')
#3 C:\xampp\htdocs\ITSI\vendor\codeigniter4\framework\system\Database\BaseBuilder.php(1649): CodeIgniter\Database\BaseConnection->query('SELECT `pp`.*, ...', Array, false)
#4 C:\xampp\htdocs\ITSI\app\Controllers\docente\PracticasDocenteController.php(289): CodeIgniter\Database\BaseBuilder->get()
#5 C:\xampp\htdocs\ITSI\app\Controllers\docente\PracticasDocenteController.php(47): App\Controllers\docente\PracticasDocenteController->obtenerEstudiantesAsignados('2')
#6 C:\xampp\htdocs\ITSI\vendor\codeigniter4\framework\system\CodeIgniter.php(933): App\Controllers\docente\PracticasDocenteController->index()
#7 C:\xampp\htdocs\ITSI\vendor\codeigniter4\framework\system\CodeIgniter.php(507): CodeIgniter\CodeIgniter->runController(Object(App\Controllers\docente\PracticasDocenteController))
#8 C:\xampp\htdocs\ITSI\vendor\codeigniter4\framework\system\CodeIgniter.php(354): CodeIgniter\CodeIgniter->handleRequest(NULL, Object(Config\Cache), false)
#9 C:\xampp\htdocs\ITSI\vendor\codeigniter4\framework\system\Boot.php(334): CodeIgniter\CodeIgniter->run()
#10 C:\xampp\htdocs\ITSI\vendor\codeigniter4\framework\system\Boot.php(67): CodeIgniter\Boot::runCodeIgniter(Object(CodeIgniter\CodeIgniter))
#11 C:\xampp\htdocs\ITSI\public\index.php(59): CodeIgniter\Boot::bootWeb(Object(Config\Paths))
#12 {main}
ERROR - 2026-03-04 08:03:29 --> Error al obtener estudiantes asignados: Table 'itsi.practicas_preprofesionales' doesn't exist
ERROR - 2026-03-04 08:03:29 --> mysqli_sql_exception: Table 'itsi.evaluaciones_practicas' doesn't exist in C:\xampp\htdocs\ITSI\vendor\codeigniter4\framework\system\Database\MySQLi\Connection.php:327
Stack trace:
#0 C:\xampp\htdocs\ITSI\vendor\codeigniter4\framework\system\Database\MySQLi\Connection.php(327): mysqli->query('SELECT `ep`.*, ...', 0)
#1 C:\xampp\htdocs\ITSI\vendor\codeigniter4\framework\system\Database\BaseConnection.php(738): CodeIgniter\Database\MySQLi\Connection->execute('SELECT `ep`.*, ...')
#2 C:\xampp\htdocs\ITSI\vendor\codeigniter4\framework\system\Database\BaseConnection.php(652): CodeIgniter\Database\BaseConnection->simpleQuery('SELECT `ep`.*, ...')
#3 C:\xampp\htdocs\ITSI\vendor\codeigniter4\framework\system\Database\BaseBuilder.php(1649): CodeIgniter\Database\BaseConnection->query('SELECT `ep`.*, ...', Array, false)
#4 C:\xampp\htdocs\ITSI\app\Controllers\docente\PracticasDocenteController.php(361): CodeIgniter\Database\BaseBuilder->get()
#5 C:\xampp\htdocs\ITSI\app\Controllers\docente\PracticasDocenteController.php(50): App\Controllers\docente\PracticasDocenteController->obtenerEvaluacionesPendientes('2')
#6 C:\xampp\htdocs\ITSI\vendor\codeigniter4\framework\system\CodeIgniter.php(933): App\Controllers\docente\PracticasDocenteController->index()
#7 C:\xampp\htdocs\ITSI\vendor\codeigniter4\framework\system\CodeIgniter.php(507): CodeIgniter\CodeIgniter->runController(Object(App\Controllers\docente\PracticasDocenteController))
#8 C:\xampp\htdocs\ITSI\vendor\codeigniter4\framework\system\CodeIgniter.php(354): CodeIgniter\CodeIgniter->handleRequest(NULL, Object(Config\Cache), false)
#9 C:\xampp\htdocs\ITSI\vendor\codeigniter4\framework\system\Boot.php(334): CodeIgniter\CodeIgniter->run()
#10 C:\xampp\htdocs\ITSI\vendor\codeigniter4\framework\system\Boot.php(67): CodeIgniter\Boot::runCodeIgniter(Object(CodeIgniter\CodeIgniter))
#11 C:\xampp\htdocs\ITSI\public\index.php(59): CodeIgniter\Boot::bootWeb(Object(Config\Paths))
#12 {main}
ERROR - 2026-03-04 08:03:29 --> Error al obtener evaluaciones pendientes: Table 'itsi.evaluaciones_practicas' doesn't exist
DEBUG - 2026-03-04 08:03:30 --> Session: Class initialized using 'CodeIgniter\Session\Handlers\FileHandler' driver.
DEBUG - 2026-03-04 08:03:46 --> Session: Class initialized using 'CodeIgniter\Session\Handlers\FileHandler' driver.
INFO - 2026-03-04 08:03:46 --> Iniciando proceso de cierre de sesión para usuario: ayandun
INFO - 2026-03-04 08:03:46 --> Sesión cerrada exitosamente
DEBUG - 2026-03-04 08:03:46 --> Session: Class initialized using 'CodeIgniter\Session\Handlers\FileHandler' driver.
DEBUG - 2026-03-04 08:03:55 --> Session: Class initialized using 'CodeIgniter\Session\Handlers\FileHandler' driver.
INFO - 2026-03-04 08:03:55 --> Usuario autenticado: 1004191845 con rol: 1 - requiere cambio password: no
DEBUG - 2026-03-04 08:03:55 --> Session: Class initialized using 'CodeIgniter\Session\Handlers\FileHandler' driver.
DEBUG - 2026-03-04 08:03:56 --> Estadísticas mensuales: [{"mes":"Abr 2025","actividades":0,"practicas":0},{"mes":"May 2025","actividades":0,"practicas":0},{"mes":"Jun 2025","actividades":0,"practicas":1},{"mes":"Jul 2025","actividades":0,"practicas":1},{"mes":"Ago 2025","actividades":2,"practicas":1},{"mes":"Sep 2025","actividades":0,"practicas":1},{"mes":"Oct 2025","actividades":1,"practicas":1},{"mes":"Nov 2025","actividades":1,"practicas":1},{"mes":"Dic 2025","actividades":1,"practicas":1},{"mes":"Ene 2026","actividades":0,"practicas":1},{"mes":"Feb 2026","actividades":0,"practicas":1},{"mes":"Mar 2026","actividades":0,"practicas":1}]
DEBUG - 2026-03-04 08:03:56 --> Distribución carreras: [{"CARRERA":"Desarrollo de Software","TOTAL":"5"},{"CARRERA":"Dise\u00f1o Gr\u00e1fico","TOTAL":"4"},{"CARRERA":"Redes y Telecomunicaciones","TOTAL":"3"},{"CARRERA":"Administraci\u00f3n","TOTAL":"2"},{"CARRERA":"Atenci\u00f3n Integral a Adultos Mayores","TOTAL":"1"},{"CARRERA":"Marketing Digital y Comercio Electronico","TOTAL":"1"}]
DEBUG - 2026-03-04 08:04:06 --> Actividades cargadas: [{"ID_ACTIVIDAD_EDUCACION":"3","ID_PERIODO_ACADEMICO":null,"ID_INSTRUCTOR":"3","ID_TIPO_MODALIDAD":"1","ID_TIPO_ACTIVIDAD":"3","ID_USUARIO":"1","NOMBRE_ACTIVIDAD":"Inteligencia Artificial y Machine Learning","DESCRIPCION":"Seminario sobre tendencias actuales en IA y aplicaciones pr\u00e1cticas.","OBJETIVOS":"Actualizar conocimientos en inteligencia artificial y sus aplicaciones","DURACION_HORAS":"16","FECHA_INICIO":"2025-12-15","FECHA_FIN":"2025-12-16","LUGAR":"Auditorio Principal","HORARIO":"8:00-17:00","INCLUYE_CERTIFICADO":"1","PROGRAMA_DETALLADO":"Introducci\u00f3n a la IA\nMachine Learning b\u00e1sico\nDeep Learning\nAplicaciones pr\u00e1cticas\nCasos de estudio","ACTIVIDAD":"Seminario","MODALIDAD":"Presencial","ESPECIALIDAD":"Inteligencia Artificial","NOMBRE":"Mar\u00eda","APELLIDO":"Gonz\u00e1lez"},{"ID_ACTIVIDAD_EDUCACION":"5","ID_PERIODO_ACADEMICO":null,"ID_INSTRUCTOR":"2","ID_TIPO_MODALIDAD":"2","ID_TIPO_ACTIVIDAD":"2","ID_USUARIO":"1","NOMBRE_ACTIVIDAD":"Configuraci\u00f3n de Redes","DESCRIPCION":"Taller de configuraci\u00f3n y administraci\u00f3n de redes de computadoras.","OBJETIVOS":"Capacitar en configuraci\u00f3n y administraci\u00f3n de redes","DURACION_HORAS":"32","FECHA_INICIO":"2025-11-01","FECHA_FIN":"2025-11-30","LUGAR":"Laboratorio de Redes","HORARIO":"S\u00e1bados 8:00-12:00","INCLUYE_CERTIFICADO":"1","PROGRAMA_DETALLADO":"Protocolos de red\nConfiguraci\u00f3n de routers\nSwitches y VLANs\nSeguridad en redes","ACTIVIDAD":"Taller","MODALIDAD":"Virtual","ESPECIALIDAD":"Hardware y Redes","NOMBRE":"Ana","APELLIDO":"Ruiz"},{"ID_ACTIVIDAD_EDUCACION":"2","ID_PERIODO_ACADEMICO":null,"ID_INSTRUCTOR":"2","ID_TIPO_MODALIDAD":"2","ID_TIPO_ACTIVIDAD":"2","ID_USUARIO":"1","NOMBRE_ACTIVIDAD":"Reparaci\u00f3n de Equipos de C\u00f3mputo","DESCRIPCION":"Taller pr\u00e1ctico de mantenimiento y reparaci\u00f3n de hardware de computadoras.","OBJETIVOS":"Capacitar en t\u00e9cnicas de diagn\u00f3stico y reparaci\u00f3n de equipos","DURACION_HORAS":"40","FECHA_INICIO":"2025-10-01","FECHA_FIN":"2025-10-31","LUGAR":"Plataforma Virtual","HORARIO":"S\u00e1bados 9:00-13:00","INCLUYE_CERTIFICADO":"1","PROGRAMA_DETALLADO":"Diagn\u00f3stico de problemas\nReparaci\u00f3n de hardware\nMantenimiento preventivo\nInstalaci\u00f3n de software","ACTIVIDAD":"Taller","MODALIDAD":"Virtual","ESPECIALIDAD":"Hardware y Redes","NOMBRE":"Ana","APELLIDO":"Ruiz"},{"ID_ACTIVIDAD_EDUCACION":"1","ID_PERIODO_ACADEMICO":null,"ID_INSTRUCTOR":"1","ID_TIPO_MODALIDAD":"1","ID_TIPO_ACTIVIDAD":"1","ID_USUARIO":"1","NOMBRE_ACTIVIDAD":"Desarrollo Web Full Stack","DESCRIPCION":"Curso completo de desarrollo web con tecnolog\u00edas modernas como React, Node.js, MongoDB y m\u00e1s.","OBJETIVOS":"Formar desarrolladores full stack competentes en tecnolog\u00edas web modernas","DURACION_HORAS":"4","FECHA_INICIO":"2025-08-18","FECHA_FIN":"2025-08-19","LUGAR":"Laboratorio de Programaci\u00f3n","HORARIO":"Lunes a Martess 16:00-18:00","INCLUYE_CERTIFICADO":"1","PROGRAMA_DETALLADO":"M\u00f3dulo 1: HTML\/CSS\/JavaScript\r\nM\u00f3dulo 2: React.js\r\nM\u00f3dulo 3: Node.js\r\nM\u00f3dulo 4: Base de datos\r\nM\u00f3dulo 5: Proyecto final","ACTIVIDAD":"Curso","MODALIDAD":"Presencial","ESPECIALIDAD":"Desarrollo de Software","NOMBRE":"Carlos","APELLIDO":"Mendoza"},{"ID_ACTIVIDAD_EDUCACION":"4","ID_PERIODO_ACADEMICO":null,"ID_INSTRUCTOR":"1","ID_TIPO_MODALIDAD":"1","ID_TIPO_ACTIVIDAD":"1","ID_USUARIO":"1","NOMBRE_ACTIVIDAD":"Programaci\u00f3n en Python","DESCRIPCION":"Curso introductorio de programaci\u00f3n usando Python como lenguaje principal.","OBJETIVOS":"Ense\u00f1ar los fundamentos de programaci\u00f3n usando Python","DURACION_HORAS":"80","FECHA_INICIO":"2025-08-01","FECHA_FIN":"2025-09-30","LUGAR":"Laboratorio de Programaci\u00f3n","HORARIO":"Martes y Jueves 18:00-20:00","INCLUYE_CERTIFICADO":"1","PROGRAMA_DETALLADO":"Variables y tipos de datos\nEstructuras de control\nFunciones\nPOO\nLibrer\u00edas b\u00e1sicas","ACTIVIDAD":"Curso","MODALIDAD":"Presencial","ESPECIALIDAD":"Desarrollo de Software","NOMBRE":"Carlos","APELLIDO":"Mendoza"}]
DEBUG - 2026-03-04 08:04:06 --> Session: Class initialized using 'CodeIgniter\Session\Handlers\FileHandler' driver.
DEBUG - 2026-03-04 08:04:10 --> Session: Class initialized using 'CodeIgniter\Session\Handlers\FileHandler' driver.
DEBUG - 2026-03-04 08:04:10 --> Estadísticas mensuales: [{"mes":"Abr 2025","actividades":0,"practicas":0},{"mes":"May 2025","actividades":0,"practicas":0},{"mes":"Jun 2025","actividades":0,"practicas":1},{"mes":"Jul 2025","actividades":0,"practicas":1},{"mes":"Ago 2025","actividades":2,"practicas":1},{"mes":"Sep 2025","actividades":0,"practicas":1},{"mes":"Oct 2025","actividades":1,"practicas":1},{"mes":"Nov 2025","actividades":1,"practicas":1},{"mes":"Dic 2025","actividades":1,"practicas":1},{"mes":"Ene 2026","actividades":0,"practicas":1},{"mes":"Feb 2026","actividades":0,"practicas":1},{"mes":"Mar 2026","actividades":0,"practicas":1}]
DEBUG - 2026-03-04 08:04:10 --> Distribución carreras: [{"CARRERA":"Desarrollo de Software","TOTAL":"5"},{"CARRERA":"Dise\u00f1o Gr\u00e1fico","TOTAL":"4"},{"CARRERA":"Redes y Telecomunicaciones","TOTAL":"3"},{"CARRERA":"Administraci\u00f3n","TOTAL":"2"},{"CARRERA":"Atenci\u00f3n Integral a Adultos Mayores","TOTAL":"1"},{"CARRERA":"Marketing Digital y Comercio Electronico","TOTAL":"1"}]
CRITICAL - 2026-03-04 08:04:14 --> CodeIgniter\Exceptions\BadMethodCallException: Call to undefined method App\Models\EstudiantesModel::getEstudianteCompleto
[Method: GET, Route: admin/estudiantes]
in SYSTEMPATH\Model.php on line 930.
 1 APPPATH\Controllers\admin\EstudiantesAdminController.php(27): CodeIgniter\Model->__call('getEstudianteCompleto', [])
 2 SYSTEMPATH\CodeIgniter.php(933): App\Controllers\admin\EstudiantesAdminController->index()
 3 SYSTEMPATH\CodeIgniter.php(507): CodeIgniter\CodeIgniter->runController(Object(App\Controllers\admin\EstudiantesAdminController))
 4 SYSTEMPATH\CodeIgniter.php(354): CodeIgniter\CodeIgniter->handleRequest(null, Object(Config\Cache), false)
 5 SYSTEMPATH\Boot.php(334): CodeIgniter\CodeIgniter->run()
 6 SYSTEMPATH\Boot.php(67): CodeIgniter\Boot::runCodeIgniter(Object(CodeIgniter\CodeIgniter))
 7 FCPATH\index.php(59): CodeIgniter\Boot::bootWeb(Object(Config\Paths))
DEBUG - 2026-03-04 08:04:44 --> Session: Class initialized using 'CodeIgniter\Session\Handlers\FileHandler' driver.
DEBUG - 2026-03-04 08:04:44 --> Estadísticas mensuales: [{"mes":"Abr 2025","actividades":0,"practicas":0},{"mes":"May 2025","actividades":0,"practicas":0},{"mes":"Jun 2025","actividades":0,"practicas":1},{"mes":"Jul 2025","actividades":0,"practicas":1},{"mes":"Ago 2025","actividades":2,"practicas":1},{"mes":"Sep 2025","actividades":0,"practicas":1},{"mes":"Oct 2025","actividades":1,"practicas":1},{"mes":"Nov 2025","actividades":1,"practicas":1},{"mes":"Dic 2025","actividades":1,"practicas":1},{"mes":"Ene 2026","actividades":0,"practicas":1},{"mes":"Feb 2026","actividades":0,"practicas":1},{"mes":"Mar 2026","actividades":0,"practicas":1}]
DEBUG - 2026-03-04 08:04:44 --> Distribución carreras: [{"CARRERA":"Desarrollo de Software","TOTAL":"5"},{"CARRERA":"Dise\u00f1o Gr\u00e1fico","TOTAL":"4"},{"CARRERA":"Redes y Telecomunicaciones","TOTAL":"3"},{"CARRERA":"Administraci\u00f3n","TOTAL":"2"},{"CARRERA":"Atenci\u00f3n Integral a Adultos Mayores","TOTAL":"1"},{"CARRERA":"Marketing Digital y Comercio Electronico","TOTAL":"1"}]
