DEBUG - 2025-08-23 01:37:40 --> Session: Class initialized using 'CodeIgniter\Session\Handlers\FileHandler' driver.
DEBUG - 2025-08-23 01:37:41 --> Session: Class initialized using 'CodeIgniter\Session\Handlers\FileHandler' driver.
CRITICAL - 2025-08-23 01:37:41 --> ErrorException: Undefined variable $conveniosActivos
[Method: GET, Route: admin/dashboard]
in APPPATH\Views\admin\dashboard\dashboardAdmin.php on line 43.
 1 APPPATH\Views\admin\dashboard\dashboardAdmin.php(43): CodeIgniter\Debug\Exceptions->errorHandler(2, 'Undefined variable $conveniosActivos', 'C:\\xampp\\htdocs\\ITSI\\app\\Views\\admin\\dashboard\\dashboardAdmin.php', 43)
 2 SYSTEMPATH\View\View.php(224): include('C:\\xampp\\htdocs\\ITSI\\app\\Views\\admin\\dashboard\\dashboardAdmin.php')
 3 SYSTEMPATH\View\View.php(227): CodeIgniter\View\View->CodeIgniter\View\{closure}()
 4 SYSTEMPATH\Common.php(1173): CodeIgniter\View\View->render('admin/dashboard/dashboardAdmin', [], true)
 5 APPPATH\Controllers\admin\DashboardAdminController.php(24): view('admin/dashboard/dashboardAdmin', [...])
 6 SYSTEMPATH\CodeIgniter.php(933): App\Controllers\admin\DashboardAdminController->index()
 7 SYSTEMPATH\CodeIgniter.php(507): CodeIgniter\CodeIgniter->runController(Object(App\Controllers\admin\DashboardAdminController))
 8 SYSTEMPATH\CodeIgniter.php(354): CodeIgniter\CodeIgniter->handleRequest(null, Object(Config\Cache), false)
 9 SYSTEMPATH\Boot.php(334): CodeIgniter\CodeIgniter->run()
10 SYSTEMPATH\Boot.php(67): CodeIgniter\Boot::runCodeIgniter(Object(CodeIgniter\CodeIgniter))
11 FCPATH\index.php(59): CodeIgniter\Boot::bootWeb(Object(Config\Paths))
DEBUG - 2025-08-23 01:38:07 --> Session: Class initialized using 'CodeIgniter\Session\Handlers\FileHandler' driver.
CRITICAL - 2025-08-23 01:38:07 --> ErrorException: Undefined variable $labels
[Method: GET, Route: admin/dashboard]
in APPPATH\Views\admin\dashboard\dashboardAdmin.php on line 77.
 1 APPPATH\Views\admin\dashboard\dashboardAdmin.php(77): CodeIgniter\Debug\Exceptions->errorHandler(2, 'Undefined variable $labels', 'C:\\xampp\\htdocs\\ITSI\\app\\Views\\admin\\dashboard\\dashboardAdmin.php', 77)
 2 SYSTEMPATH\View\View.php(224): include('C:\\xampp\\htdocs\\ITSI\\app\\Views\\admin\\dashboard\\dashboardAdmin.php')
 3 SYSTEMPATH\View\View.php(227): CodeIgniter\View\View->CodeIgniter\View\{closure}()
 4 SYSTEMPATH\Common.php(1173): CodeIgniter\View\View->render('admin/dashboard/dashboardAdmin', [], true)
 5 APPPATH\Controllers\admin\DashboardAdminController.php(24): view('admin/dashboard/dashboardAdmin', [...])
 6 SYSTEMPATH\CodeIgniter.php(933): App\Controllers\admin\DashboardAdminController->index()
 7 SYSTEMPATH\CodeIgniter.php(507): CodeIgniter\CodeIgniter->runController(Object(App\Controllers\admin\DashboardAdminController))
 8 SYSTEMPATH\CodeIgniter.php(354): CodeIgniter\CodeIgniter->handleRequest(null, Object(Config\Cache), false)
 9 SYSTEMPATH\Boot.php(334): CodeIgniter\CodeIgniter->run()
10 SYSTEMPATH\Boot.php(67): CodeIgniter\Boot::runCodeIgniter(Object(CodeIgniter\CodeIgniter))
11 FCPATH\index.php(59): CodeIgniter\Boot::bootWeb(Object(Config\Paths))
DEBUG - 2025-08-23 01:45:24 --> Session: Class initialized using 'CodeIgniter\Session\Handlers\FileHandler' driver.
CRITICAL - 2025-08-23 01:45:24 --> ErrorException: Undefined variable $labels
[Method: GET, Route: admin/dashboard]
in APPPATH\Views\admin\dashboard\dashboardAdmin.php on line 77.
 1 APPPATH\Views\admin\dashboard\dashboardAdmin.php(77): CodeIgniter\Debug\Exceptions->errorHandler(2, 'Undefined variable $labels', 'C:\\xampp\\htdocs\\ITSI\\app\\Views\\admin\\dashboard\\dashboardAdmin.php', 77)
 2 SYSTEMPATH\View\View.php(224): include('C:\\xampp\\htdocs\\ITSI\\app\\Views\\admin\\dashboard\\dashboardAdmin.php')
 3 SYSTEMPATH\View\View.php(227): CodeIgniter\View\View->CodeIgniter\View\{closure}()
 4 SYSTEMPATH\Common.php(1173): CodeIgniter\View\View->render('admin/dashboard/dashboardAdmin', [], true)
 5 APPPATH\Controllers\admin\DashboardAdminController.php(24): view('admin/dashboard/dashboardAdmin', [...])
 6 SYSTEMPATH\CodeIgniter.php(933): App\Controllers\admin\DashboardAdminController->index()
 7 SYSTEMPATH\CodeIgniter.php(507): CodeIgniter\CodeIgniter->runController(Object(App\Controllers\admin\DashboardAdminController))
 8 SYSTEMPATH\CodeIgniter.php(354): CodeIgniter\CodeIgniter->handleRequest(null, Object(Config\Cache), false)
 9 SYSTEMPATH\Boot.php(334): CodeIgniter\CodeIgniter->run()
10 SYSTEMPATH\Boot.php(67): CodeIgniter\Boot::runCodeIgniter(Object(CodeIgniter\CodeIgniter))
11 FCPATH\index.php(59): CodeIgniter\Boot::bootWeb(Object(Config\Paths))
DEBUG - 2025-08-23 01:45:25 --> Session: Class initialized using 'CodeIgniter\Session\Handlers\FileHandler' driver.
CRITICAL - 2025-08-23 01:45:25 --> ErrorException: Undefined variable $labels
[Method: GET, Route: admin/dashboard]
in APPPATH\Views\admin\dashboard\dashboardAdmin.php on line 77.
 1 APPPATH\Views\admin\dashboard\dashboardAdmin.php(77): CodeIgniter\Debug\Exceptions->errorHandler(2, 'Undefined variable $labels', 'C:\\xampp\\htdocs\\ITSI\\app\\Views\\admin\\dashboard\\dashboardAdmin.php', 77)
 2 SYSTEMPATH\View\View.php(224): include('C:\\xampp\\htdocs\\ITSI\\app\\Views\\admin\\dashboard\\dashboardAdmin.php')
 3 SYSTEMPATH\View\View.php(227): CodeIgniter\View\View->CodeIgniter\View\{closure}()
 4 SYSTEMPATH\Common.php(1173): CodeIgniter\View\View->render('admin/dashboard/dashboardAdmin', [], true)
 5 APPPATH\Controllers\admin\DashboardAdminController.php(24): view('admin/dashboard/dashboardAdmin', [...])
 6 SYSTEMPATH\CodeIgniter.php(933): App\Controllers\admin\DashboardAdminController->index()
 7 SYSTEMPATH\CodeIgniter.php(507): CodeIgniter\CodeIgniter->runController(Object(App\Controllers\admin\DashboardAdminController))
 8 SYSTEMPATH\CodeIgniter.php(354): CodeIgniter\CodeIgniter->handleRequest(null, Object(Config\Cache), false)
 9 SYSTEMPATH\Boot.php(334): CodeIgniter\CodeIgniter->run()
10 SYSTEMPATH\Boot.php(67): CodeIgniter\Boot::runCodeIgniter(Object(CodeIgniter\CodeIgniter))
11 FCPATH\index.php(59): CodeIgniter\Boot::bootWeb(Object(Config\Paths))
DEBUG - 2025-08-23 01:46:16 --> Session: Class initialized using 'CodeIgniter\Session\Handlers\FileHandler' driver.
CRITICAL - 2025-08-23 01:46:16 --> ErrorException: Undefined variable $labels
[Method: GET, Route: admin/dashboard]
in APPPATH\Views\admin\dashboard\dashboardAdmin.php on line 77.
 1 APPPATH\Views\admin\dashboard\dashboardAdmin.php(77): CodeIgniter\Debug\Exceptions->errorHandler(2, 'Undefined variable $labels', 'C:\\xampp\\htdocs\\ITSI\\app\\Views\\admin\\dashboard\\dashboardAdmin.php', 77)
 2 SYSTEMPATH\View\View.php(224): include('C:\\xampp\\htdocs\\ITSI\\app\\Views\\admin\\dashboard\\dashboardAdmin.php')
 3 SYSTEMPATH\View\View.php(227): CodeIgniter\View\View->CodeIgniter\View\{closure}()
 4 SYSTEMPATH\Common.php(1173): CodeIgniter\View\View->render('admin/dashboard/dashboardAdmin', [], true)
 5 APPPATH\Controllers\admin\DashboardAdminController.php(24): view('admin/dashboard/dashboardAdmin', [...])
 6 SYSTEMPATH\CodeIgniter.php(933): App\Controllers\admin\DashboardAdminController->index()
 7 SYSTEMPATH\CodeIgniter.php(507): CodeIgniter\CodeIgniter->runController(Object(App\Controllers\admin\DashboardAdminController))
 8 SYSTEMPATH\CodeIgniter.php(354): CodeIgniter\CodeIgniter->handleRequest(null, Object(Config\Cache), false)
 9 SYSTEMPATH\Boot.php(334): CodeIgniter\CodeIgniter->run()
10 SYSTEMPATH\Boot.php(67): CodeIgniter\Boot::runCodeIgniter(Object(CodeIgniter\CodeIgniter))
11 FCPATH\index.php(59): CodeIgniter\Boot::bootWeb(Object(Config\Paths))
DEBUG - 2025-08-23 01:46:27 --> Session: Class initialized using 'CodeIgniter\Session\Handlers\FileHandler' driver.
CRITICAL - 2025-08-23 01:46:27 --> ErrorException: Undefined variable $data
[Method: GET, Route: admin/dashboard]
in APPPATH\Views\admin\dashboard\dashboardAdmin.php on line 79.
 1 APPPATH\Views\admin\dashboard\dashboardAdmin.php(79): CodeIgniter\Debug\Exceptions->errorHandler(2, 'Undefined variable $data', 'C:\\xampp\\htdocs\\ITSI\\app\\Views\\admin\\dashboard\\dashboardAdmin.php', 79)
 2 SYSTEMPATH\View\View.php(224): include('C:\\xampp\\htdocs\\ITSI\\app\\Views\\admin\\dashboard\\dashboardAdmin.php')
 3 SYSTEMPATH\View\View.php(227): CodeIgniter\View\View->CodeIgniter\View\{closure}()
 4 SYSTEMPATH\Common.php(1173): CodeIgniter\View\View->render('admin/dashboard/dashboardAdmin', [], true)
 5 APPPATH\Controllers\admin\DashboardAdminController.php(24): view('admin/dashboard/dashboardAdmin', [...])
 6 SYSTEMPATH\CodeIgniter.php(933): App\Controllers\admin\DashboardAdminController->index()
 7 SYSTEMPATH\CodeIgniter.php(507): CodeIgniter\CodeIgniter->runController(Object(App\Controllers\admin\DashboardAdminController))
 8 SYSTEMPATH\CodeIgniter.php(354): CodeIgniter\CodeIgniter->handleRequest(null, Object(Config\Cache), false)
 9 SYSTEMPATH\Boot.php(334): CodeIgniter\CodeIgniter->run()
10 SYSTEMPATH\Boot.php(67): CodeIgniter\Boot::runCodeIgniter(Object(CodeIgniter\CodeIgniter))
11 FCPATH\index.php(59): CodeIgniter\Boot::bootWeb(Object(Config\Paths))
DEBUG - 2025-08-23 01:46:29 --> Session: Class initialized using 'CodeIgniter\Session\Handlers\FileHandler' driver.
CRITICAL - 2025-08-23 01:46:29 --> ErrorException: Undefined variable $data
[Method: GET, Route: admin/dashboard]
in APPPATH\Views\admin\dashboard\dashboardAdmin.php on line 79.
 1 APPPATH\Views\admin\dashboard\dashboardAdmin.php(79): CodeIgniter\Debug\Exceptions->errorHandler(2, 'Undefined variable $data', 'C:\\xampp\\htdocs\\ITSI\\app\\Views\\admin\\dashboard\\dashboardAdmin.php', 79)
 2 SYSTEMPATH\View\View.php(224): include('C:\\xampp\\htdocs\\ITSI\\app\\Views\\admin\\dashboard\\dashboardAdmin.php')
 3 SYSTEMPATH\View\View.php(227): CodeIgniter\View\View->CodeIgniter\View\{closure}()
 4 SYSTEMPATH\Common.php(1173): CodeIgniter\View\View->render('admin/dashboard/dashboardAdmin', [], true)
 5 APPPATH\Controllers\admin\DashboardAdminController.php(24): view('admin/dashboard/dashboardAdmin', [...])
 6 SYSTEMPATH\CodeIgniter.php(933): App\Controllers\admin\DashboardAdminController->index()
 7 SYSTEMPATH\CodeIgniter.php(507): CodeIgniter\CodeIgniter->runController(Object(App\Controllers\admin\DashboardAdminController))
 8 SYSTEMPATH\CodeIgniter.php(354): CodeIgniter\CodeIgniter->handleRequest(null, Object(Config\Cache), false)
 9 SYSTEMPATH\Boot.php(334): CodeIgniter\CodeIgniter->run()
10 SYSTEMPATH\Boot.php(67): CodeIgniter\Boot::runCodeIgniter(Object(CodeIgniter\CodeIgniter))
11 FCPATH\index.php(59): CodeIgniter\Boot::bootWeb(Object(Config\Paths))
