DEBUG - 2026-03-11 22:37:19 --> Session: Class initialized using 'CodeIgniter\Session\Handlers\FileHandler' driver.
DEBUG - 2026-03-11 22:37:32 --> Session: Class initialized using 'CodeIgniter\Session\Handlers\FileHandler' driver.
DEBUG - 2026-03-11 22:37:33 --> Session: Class initialized using 'CodeIgniter\Session\Handlers\FileHandler' driver.
DEBUG - 2026-03-11 22:37:42 --> Session: Class initialized using 'CodeIgniter\Session\Handlers\FileHandler' driver.
INFO - 2026-03-11 22:37:42 --> Usuario autenticado: 1004191845 con rol: 1 - requiere cambio password: no
DEBUG - 2026-03-11 22:37:43 --> Session: Class initialized using 'CodeIgniter\Session\Handlers\FileHandler' driver.
DEBUG - 2026-03-11 22:37:43 --> Estadísticas mensuales: [{"mes":"Abr 2025","actividades":0,"practicas":0},{"mes":"May 2025","actividades":0,"practicas":0},{"mes":"Jun 2025","actividades":0,"practicas":1},{"mes":"Jul 2025","actividades":0,"practicas":1},{"mes":"Ago 2025","actividades":2,"practicas":1},{"mes":"Sep 2025","actividades":0,"practicas":1},{"mes":"Oct 2025","actividades":1,"practicas":1},{"mes":"Nov 2025","actividades":1,"practicas":1},{"mes":"Dic 2025","actividades":1,"practicas":1},{"mes":"Ene 2026","actividades":0,"practicas":1},{"mes":"Feb 2026","actividades":0,"practicas":1},{"mes":"Mar 2026","actividades":0,"practicas":1}]
DEBUG - 2026-03-11 22:37:43 --> Distribución carreras: [{"CARRERA":"Desarrollo de Software","TOTAL":"5"},{"CARRERA":"Dise\u00f1o Gr\u00e1fico","TOTAL":"4"},{"CARRERA":"Redes y Telecomunicaciones","TOTAL":"3"},{"CARRERA":"Administraci\u00f3n","TOTAL":"2"},{"CARRERA":"Marketing Digital y Comercio Electronico","TOTAL":"1"},{"CARRERA":"Atenci\u00f3n Integral a Adultos Mayores","TOTAL":"1"}]
DEBUG - 2026-03-11 22:37:49 --> Session: Class initialized using 'CodeIgniter\Session\Handlers\FileHandler' driver.
DEBUG - 2026-03-11 22:37:55 --> Session: Class initialized using 'CodeIgniter\Session\Handlers\FileHandler' driver.
INFO - 2026-03-11 22:37:55 --> Iniciando proceso de cierre de sesión para usuario: ycampues
INFO - 2026-03-11 22:37:55 --> Sesión cerrada exitosamente
DEBUG - 2026-03-11 22:37:55 --> Session: Class initialized using 'CodeIgniter\Session\Handlers\FileHandler' driver.
DEBUG - 2026-03-11 22:38:04 --> Session: Class initialized using 'CodeIgniter\Session\Handlers\FileHandler' driver.
INFO - 2026-03-11 22:38:04 --> Usuario autenticado: ayandun con rol: 2 - requiere cambio password: no
DEBUG - 2026-03-11 22:38:04 --> Session: Class initialized using 'CodeIgniter\Session\Handlers\FileHandler' driver.
DEBUG - 2026-03-11 22:38:07 --> Session: Class initialized using 'CodeIgniter\Session\Handlers\FileHandler' driver.
DEBUG - 2026-03-11 22:46:02 --> Session: Class initialized using 'CodeIgniter\Session\Handlers\FileHandler' driver.
DEBUG - 2026-03-11 22:46:10 --> Session: Class initialized using 'CodeIgniter\Session\Handlers\FileHandler' driver.
DEBUG - 2026-03-11 22:46:18 --> Session: Class initialized using 'CodeIgniter\Session\Handlers\FileHandler' driver.
DEBUG - 2026-03-11 22:46:22 --> Session: Class initialized using 'CodeIgniter\Session\Handlers\FileHandler' driver.
DEBUG - 2026-03-11 22:46:26 --> Session: Class initialized using 'CodeIgniter\Session\Handlers\FileHandler' driver.
